b	0	0	0.000405
a	0	13	0.000695
b	0	14	0.000698
c	0	15	0.000703
b	0	15	0.000704
b	0	15	0.000706
a	0	19	0.000773
b	0	19	0.000777
a	0	23	0.000861
b	0	23	0.000865
a	0	23	0.000901
b	0	23	0.000902
c	0	36	0.001076
b	0	36	0.001084
c	0	37	0.001085
b	0	37	0.001087
c	0	38	0.001095
b	0	38	0.001096
c	0	39	0.001101
b	0	39	0.001102
b	0	39	0.001103
a	0	40	0.001118
b	0	40	0.001120
a	0	40	0.001129
b	0	40	0.001131
a	0	40	0.001139
b	0	40	0.001141
a	0	40	0.001150
b	0	40	0.001152
a	0	40	0.001186
b	0	40	0.001189
a	0	40	0.001198
b	0	40	0.001200
a	0	40	0.001209
b	0	40	0.001210
a	0	40	0.001219
b	0	40	0.001221
a	0	40	0.001237
b	0	40	0.001239
a	0	40	0.001247
b	0	40	0.001249
a	0	40	0.001257
b	0	40	0.001258
a	0	40	0.001264
b	0	40	0.001266
a	0	41	0.001272
b	0	41	0.001273
c	0	46	0.001318
b	0	47	0.001320
c	0	48	0.001321
b	0	49	0.001322
b	0	49	0.001324
a	0	49	0.001325
b	0	49	0.001326
c	0	51	0.001330
b	0	51	0.001332
a	0	51	0.001333
b	0	51	0.001334
a	0	51	0.001335
b	0	51	0.001336
a	0	51	0.001338
b	0	51	0.001339
a	0	51	0.001340
b	0	51	0.001341
a	0	51	0.001342
b	0	51	0.001343
a	0	51	0.001344
b	0	51	0.001345
a	0	51	0.001346
b	0	51	0.001347
a	0	51	0.001348
b	0	51	0.001350
a	0	51	0.001351
b	0	51	0.001352
a	0	51	0.001353
b	0	51	0.001354
a	0	51	0.001355
b	0	51	0.001356
a	0	51	0.001357
b	0	51	0.001358
a	0	51	0.001359
b	0	51	0.001360
a	0	51	0.001362
b	0	51	0.001363
a	0	51	0.001364
b	0	51	0.001365
b	0	51	0.001366
a	0	51	0.001383
b	0	51	0.001384
a	0	51	0.001396
b	0	51	0.001398
a	0	51	0.001399
b	0	51	0.001400
a	0	51	0.001410
b	0	51	0.001412
a	0	51	0.001413
b	0	51	0.001414
a	0	51	0.001415
b	0	51	0.001416
a	0	51	0.001431
b	0	51	0.001432
a	0	52	0.001441
b	0	52	0.001443
a	0	54	0.001460
b	0	55	0.001461
a	0	55	0.001462
b	0	55	0.001463
a	0	55	0.001464
b	0	55	0.001465
a	0	55	0.001467
b	0	55	0.001468
a	0	55	0.001469
b	0	55	0.001470
a	0	55	0.001471
b	0	55	0.001472
a	0	55	0.001473
b	0	55	0.001474
a	0	55	0.001476
b	0	55	0.001477
a	0	55	0.001478
b	0	55	0.001479
a	0	55	0.001480
b	0	55	0.001481
a	0	55	0.001482
b	0	55	0.001483
a	0	55	0.001484
b	0	55	0.001485
a	0	55	0.001486
b	0	55	0.001487
a	0	55	0.001488
b	0	55	0.001490
a	0	55	0.001491
b	0	55	0.001492
a	0	55	0.001493
b	0	55	0.001494
a	0	55	0.001495
b	0	55	0.001496
a	0	55	0.001497
b	0	55	0.001498
a	0	55	0.001499
b	0	55	0.001500
a	0	55	0.001501
b	0	55	0.001502
a	0	55	0.001504
b	0	55	0.001505
a	0	55	0.001506
b	0	55	0.001507
a	0	55	0.001508
b	0	55	0.001509
a	0	55	0.001510
b	0	55	0.001511
a	0	55	0.001512
b	0	55	0.001513
a	0	55	0.001514
b	0	55	0.001515
a	0	55	0.001516
b	0	55	0.001517
a	0	55	0.001519
b	0	55	0.001520
a	0	55	0.001521
b	0	55	0.001522
a	0	55	0.001523
b	0	56	0.001524
a	0	56	0.001525
b	0	56	0.001526
a	0	56	0.001527
b	0	56	0.001528
a	0	59	0.001545
b	0	59	0.001547
a	0	59	0.001564
b	0	59	0.001566
a	0	63	0.001582
b	0	63	0.001583
c	0	74	0.001660
b	0	75	0.001664
c	0	76	0.001666
b	0	77	0.001667
c	0	78	0.001671
b	0	78	0.001673
c	0	79	0.001678
b	0	79	0.001679
b	0	79	0.001680
c	0	84	0.001805
b	0	84	0.001809
c	0	85	0.001810
b	0	86	0.001811
c	0	87	0.001816
b	0	87	0.001817
c	0	88	0.001822
b	0	88	0.001823
a	0	88	0.001825
b	0	88	0.001826
b	0	88	0.001827
a	0	93	0.001859
b	0	93	0.001861
a	0	95	0.001885
b	0	95	0.001886
a	0	99	0.001910
b	0	100	0.001912
a	0	102	0.001929
b	0	102	0.001931
a	0	102	0.001935
b	0	102	0.001936
a	0	102	0.001939
b	0	102	0.001941
a	0	102	0.001944
b	0	102	0.001945
a	0	102	0.001948
b	0	102	0.001949
a	0	102	0.001952
b	0	102	0.001954
a	0	102	0.001957
b	0	102	0.001959
a	0	102	0.001962
b	0	103	0.001963
a	0	103	0.001966
b	0	103	0.001967
a	0	106	0.001989
b	0	106	0.001990
a	0	106	0.001994
b	0	106	0.001995
a	0	106	0.001998
b	0	106	0.001999
a	0	106	0.002002
b	0	106	0.002003
a	0	106	0.002006
b	0	106	0.002007
a	0	106	0.002009
b	0	106	0.002010
a	0	106	0.002013
b	0	106	0.002014
a	0	106	0.002017
b	0	106	0.002018
a	0	106	0.002021
b	0	106	0.002022
a	0	106	0.002025
b	0	106	0.002026
a	0	107	0.002029
b	0	107	0.002030
a	0	112	0.002051
b	0	112	0.002053
c	0	120	0.002154
b	0	120	0.002159
c	0	121	0.002194
b	0	121	0.002195
c	0	122	0.002198
b	0	122	0.002199
c	0	124	0.002206
b	0	124	0.002207
b	0	124	0.002209
a	0	131	0.002241
b	0	131	0.002243
c	0	147	0.002328
b	0	147	0.002333
c	0	148	0.002334
b	0	148	0.002335
c	0	149	0.002338
b	0	149	0.002339
c	0	150	0.002345
b	0	150	0.002347
b	0	150	0.002348
c	0	164	0.002422
b	0	164	0.002425
c	0	165	0.002426
b	0	165	0.002427
c	0	166	0.002429
b	0	166	0.002431
c	0	167	0.002432
b	0	167	0.002433
b	0	167	0.002435
a	0	167	0.002437
b	0	167	0.002439
a	0	167	0.002440
b	0	167	0.002441
a	0	167	0.002443
b	0	167	0.002444
a	0	167	0.002446
b	0	168	0.002447
a	0	168	0.002448
b	0	168	0.002449
a	0	168	0.002451
b	0	168	0.002452
a	0	168	0.002453
b	0	168	0.002454
a	0	178	0.002513
b	0	178	0.002515
c	0	199	0.002762
b	0	199	0.002779
c	0	200	0.002780
b	0	200	0.002781
c	0	201	0.002788
b	0	201	0.002789
c	0	202	0.002795
b	0	202	0.002797
b	0	202	0.002798
c	0	207	0.002863
b	0	207	0.002867
c	0	208	0.002868
b	0	208	0.002869
c	0	209	0.002872
b	0	209	0.002873
c	0	210	0.002878
b	0	210	0.002879
b	0	210	0.002881
a	0	210	0.002911
b	0	210	0.002912
a	0	210	0.002916
b	0	210	0.002917
a	0	210	0.002919
b	0	210	0.002920
a	0	210	0.002922
b	0	210	0.002923
a	0	210	0.002925
b	0	210	0.002926
a	0	210	0.002928
b	0	210	0.002929
a	0	210	0.002931
b	0	210	0.002933
a	0	210	0.002935
b	0	210	0.002936
a	0	211	0.002938
b	0	211	0.002939
a	0	211	0.002941
b	0	211	0.002942
a	0	211	0.002944
b	0	211	0.002945
a	0	211	0.002947
b	0	211	0.002949
a	0	211	0.002951
b	0	211	0.002952
a	0	211	0.002954
b	0	211	0.002955
a	0	211	0.002957
b	0	211	0.002958
a	0	212	0.002960
b	0	212	0.002961
a	0	212	0.002963
b	0	212	0.002965
a	0	212	0.002967
b	0	212	0.002968
a	0	212	0.002970
b	0	213	0.002971
a	0	213	0.002973
b	0	214	0.002975
a	0	214	0.002977
b	0	215	0.002978
a	0	215	0.002980
b	0	215	0.002981
a	0	215	0.002983
b	0	215	0.002984
a	0	215	0.002986
b	0	215	0.002987
a	0	215	0.002989
b	0	215	0.002991
a	0	215	0.002993
b	0	215	0.002994
a	0	215	0.002996
b	0	215	0.002997
a	0	215	0.002999
b	0	215	0.003000
a	0	215	0.003002
b	0	215	0.003003
a	0	215	0.003005
b	0	215	0.003006
a	0	215	0.003008
b	0	215	0.003009
a	0	215	0.003011
b	0	215	0.003012
a	0	215	0.003014
b	0	215	0.003015
a	0	216	0.003017
b	0	216	0.003019
a	0	216	0.003021
b	0	216	0.003022
a	0	217	0.003024
b	0	219	0.003025
a	0	219	0.003027
b	0	219	0.003028
a	0	219	0.003031
b	0	219	0.003032
a	0	219	0.003034
b	0	219	0.003035
a	0	219	0.003037
b	0	219	0.003038
a	0	219	0.003040
b	0	219	0.003041
a	0	219	0.003043
b	0	219	0.003044
a	0	219	0.003046
b	0	219	0.003047
a	0	219	0.003049
b	0	219	0.003050
a	0	219	0.003052
b	0	219	0.003054
a	0	219	0.003055
b	0	219	0.003057
a	0	219	0.003059
b	0	219	0.003060
a	0	219	0.003062
b	0	219	0.003063
a	0	219	0.003065
b	0	219	0.003066
a	0	219	0.003068
b	0	219	0.003070
a	0	219	0.003072
b	0	219	0.003073
a	0	219	0.003075
b	0	219	0.003076
a	0	220	0.003078
b	0	220	0.003079
a	0	220	0.003081
b	0	220	0.003082
a	0	220	0.003084
b	0	220	0.003085
a	0	220	0.003087
b	0	220	0.003088
a	0	220	0.003091
b	0	220	0.003092
a	0	224	0.003122
b	0	224	0.003124
c	0	231	0.003254
b	0	231	0.003262
c	0	232	0.003263
b	0	232	0.003264
c	0	233	0.003269
b	0	233	0.003270
c	0	234	0.003276
b	0	234	0.003277
b	0	234	0.003278
a	0	234	0.003293
b	0	234	0.003295
a	0	234	0.003313
b	0	234	0.003315
a	0	246	0.003392
b	0	247	0.003397
a	0	248	0.003400
b	0	248	0.003402
a	0	249	0.003404
b	0	249	0.003405
a	0	249	0.003407
b	0	250	0.003408
a	0	250	0.003423
b	0	250	0.003425
a	0	251	0.003434
b	0	251	0.003436
a	0	251	0.003439
b	0	251	0.003440
a	0	253	0.003442
b	0	254	0.003443
a	0	254	0.003446
b	0	254	0.003447
a	0	254	0.003449
b	0	254	0.003450
a	0	254	0.003452
b	0	254	0.003453
a	0	254	0.003455
b	0	254	0.003456
a	0	254	0.003458
b	0	255	0.003459
a	0	255	0.003461
b	0	255	0.003462
a	0	256	0.003465
b	0	257	0.003466
a	0	257	0.003468
b	0	257	0.003469
a	0	258	0.003471
b	0	258	0.003473
a	0	258	0.003475
b	0	258	0.003476
a	0	258	0.003478
b	0	258	0.003480
a	0	258	0.003482
b	0	258	0.003483
a	0	258	0.003485
b	0	258	0.003486
a	0	258	0.003488
b	0	258	0.003490
a	0	258	0.003492
b	0	258	0.003493
a	0	258	0.003495
b	0	258	0.003496
a	0	261	0.003512
b	0	261	0.003514
a	0	264	0.003524
b	0	265	0.003526
a	0	266	0.003528
b	0	266	0.003530
a	0	266	0.003532
b	0	266	0.003533
a	0	266	0.003535
b	0	266	0.003536
a	0	266	0.003552
b	0	266	0.003554
a	0	266	0.003564
b	0	266	0.003565
a	0	267	0.003576
b	0	267	0.003577
a	0	271	0.003588
b	0	271	0.003590
a	0	274	0.003599
b	0	274	0.003601
a	0	274	0.003610
b	0	274	0.003611
a	0	274	0.003620
b	0	274	0.003622
a	0	281	0.003646
b	0	282	0.003648
a	0	283	0.003664
b	0	283	0.003666
a	0	286	0.003676
b	0	286	0.003677
a	0	286	0.003680
b	0	286	0.003681
a	0	286	0.003683
b	0	286	0.003684
a	0	287	0.003686
b	0	287	0.003688
a	0	288	0.003692
b	0	290	0.003693
a	0	290	0.003695
b	0	290	0.003696
a	0	290	0.003698
b	0	290	0.003699
a	0	290	0.003701
b	0	290	0.003703
a	0	290	0.003705
b	0	290	0.003706
a	0	290	0.003708
b	0	290	0.003712
c	0	295	0.003788
b	0	296	0.003793
c	0	297	0.003794
b	0	297	0.003795
c	0	298	0.003799
b	0	298	0.003801
c	0	299	0.003806
b	0	299	0.003807
b	0	299	0.003809
c	0	308	0.003872
b	0	308	0.003874
c	0	309	0.003876
b	0	309	0.003877
c	0	310	0.003879
b	0	310	0.003880
c	0	311	0.003882
b	0	311	0.003883
b	0	311	0.003884
c	0	317	0.003949
b	0	317	0.003953
c	0	318	0.003954
b	0	318	0.003955
b	0	319	0.003956
c	0	321	0.003962
b	0	323	0.003963
b	0	323	0.003965
a	0	323	0.003966
b	0	323	0.003967
a	0	323	0.003968
b	0	323	0.003969
a	0	323	0.003970
b	0	323	0.003971
a	0	323	0.003973
b	0	323	0.003974
a	0	323	0.003975
b	0	323	0.003976
a	0	323	0.003977
b	0	323	0.003978
a	0	323	0.003979
b	0	323	0.003980
a	0	323	0.003981
b	0	323	0.003982
a	0	323	0.003983
b	0	323	0.003984
a	0	323	0.003985
b	0	323	0.003986
a	0	323	0.003987
b	0	323	0.003988
a	0	323	0.003989
b	0	323	0.003991
a	0	323	0.003992
b	0	323	0.003993
a	0	323	0.003994
b	0	323	0.003995
a	0	323	0.003996
b	0	323	0.003997
a	0	323	0.003998
b	0	323	0.003999
a	0	323	0.004000
b	0	323	0.004001
a	0	323	0.004002
b	0	323	0.004003
a	0	323	0.004005
b	0	323	0.004006
a	0	323	0.004007
b	0	323	0.004008
a	0	323	0.004009
b	0	324	0.004010
a	0	324	0.004011
b	0	324	0.004012
c	0	332	0.004053
b	0	332	0.004055
c	0	333	0.004057
b	0	333	0.004058
c	0	334	0.004059
b	0	334	0.004060
c	0	335	0.004062
b	0	335	0.004063
b	0	335	0.004064
a	0	335	0.004072
b	0	335	0.004073
a	0	336	0.004079
b	0	338	0.004081
a	0	338	0.004087
b	0	338	0.004088
a	0	339	0.004094
b	0	339	0.004095
c	0	346	0.004140
b	0	346	0.004144
c	0	347	0.004145
b	0	347	0.004146
c	0	348	0.004148
b	0	348	0.004149
c	0	349	0.004155
b	0	350	0.004157
b	0	350	0.004158
a	0	350	0.004161
b	0	350	0.004163
a	0	350	0.004164
b	0	351	0.004165
a	0	352	0.004166
b	0	352	0.004167
c	0	362	0.004232
b	0	362	0.004234
c	0	363	0.004236
b	0	363	0.004237
c	0	364	0.004240
b	0	364	0.004241
c	0	365	0.004247
b	0	365	0.004248
b	0	365	0.004249
c	0	393	0.004403
b	0	393	0.004409
c	0	394	0.004410
b	0	394	0.004411
c	0	395	0.004417
b	0	395	0.004418
c	0	396	0.004423
b	0	396	0.004424
b	0	396	0.004425
a	0	397	0.004436
b	0	397	0.004438
a	0	399	0.004445
b	0	399	0.004447
a	0	400	0.004453
b	0	400	0.004454
a	0	400	0.004461
b	0	400	0.004462
a	0	400	0.004469
b	0	400	0.004470
c	0	408	0.004500
b	0	408	0.004503
c	0	409	0.004504
b	0	409	0.004505
c	0	410	0.004507
b	0	410	0.004508
c	0	411	0.004514
b	0	411	0.004515
b	0	411	0.004516
a	0	414	0.004535
b	0	414	0.004537
c	0	420	0.004596
b	0	420	0.004600
c	0	421	0.004601
b	0	421	0.004603
c	0	422	0.004605
b	0	422	0.004607
c	0	423	0.004612
b	0	423	0.004614
b	0	423	0.004615
c	0	432	0.004721
b	0	432	0.004727
c	0	433	0.004728
b	0	433	0.004729
c	0	434	0.004733
b	0	434	0.004734
c	0	435	0.004739
b	0	435	0.004741
b	0	435	0.004742
a	0	446	0.004886
b	0	446	0.004892
c	0	451	0.004979
b	0	451	0.004984
c	0	452	0.004986
b	0	452	0.004987
c	0	453	0.004991
b	0	453	0.004992
c	0	454	0.004998
b	0	455	0.004999
b	0	455	0.005000
c	0	466	0.005072
b	0	467	0.005076
c	0	468	0.005078
b	0	468	0.005079
c	0	469	0.005080
b	0	469	0.005081
c	0	470	0.005087
b	0	470	0.005088
b	0	470	0.005089
a	0	470	0.005098
b	0	470	0.005100
a	0	472	0.005109
b	0	473	0.005110
a	0	474	0.005117
b	0	474	0.005119
c	0	480	0.005150
b	0	480	0.005151
c	0	481	0.005153
b	0	481	0.005154
b	0	481	0.005155
c	0	483	0.005160
b	0	483	0.005161
b	0	483	0.005162
a	0	485	0.005171
b	0	485	0.005172
a	0	485	0.005180
b	0	485	0.005182
a	0	488	0.005195
b	0	488	0.005197
a	0	488	0.005205
b	0	488	0.005206
a	0	488	0.005213
b	0	488	0.005214
a	0	491	0.005221
b	0	492	0.005222
a	0	494	0.005228
b	0	495	0.005230
a	0	495	0.005236
b	0	495	0.005238
a	0	496	0.005244
b	0	496	0.005245
c	0	503	0.005274
b	0	503	0.005278
c	0	504	0.005279
b	0	504	0.005280
c	0	505	0.005282
b	0	505	0.005283
c	0	507	0.005289
b	0	507	0.005290
b	0	508	0.005291
a	0	510	0.005309
b	0	510	0.005310
c	0	515	0.005350
b	0	515	0.005352
c	0	516	0.005353
b	0	516	0.005355
b	0	516	0.005356
c	0	517	0.005358
b	0	517	0.005359
b	0	517	0.005360
a	0	518	0.005376
b	0	518	0.005378
a	0	522	0.005400
b	0	522	0.005402
a	0	528	0.005418
b	0	529	0.005420
c	0	544	0.005502
b	0	544	0.005507
c	0	545	0.005508
b	0	545	0.005509
c	0	546	0.005514
b	0	546	0.005515
c	0	547	0.005517
b	0	547	0.005518
b	0	547	0.005519
a	0	547	0.005529
b	0	547	0.005530
a	0	547	0.005538
b	0	548	0.005539
a	0	551	0.005549
b	0	551	0.005551
a	0	553	0.005562
b	0	553	0.005564
a	0	555	0.005576
b	0	556	0.005577
a	0	560	0.005588
b	0	562	0.005590
c	0	568	0.005642
b	0	568	0.005645
c	0	569	0.005646
b	0	569	0.005647
c	0	570	0.005649
b	0	572	0.005650
a	0	572	0.005652
b	0	573	0.005653
a	0	574	0.005654
b	0	575	0.005655
a	0	575	0.005656
b	0	576	0.005657
a	0	578	0.005659
b	0	579	0.005660
c	0	582	0.005666
b	0	582	0.005668
b	0	582	0.005670
a	0	582	0.005675
b	0	582	0.005676
a	0	582	0.005681
b	0	582	0.005682
a	0	582	0.005687
b	0	582	0.005688
a	0	582	0.005693
b	0	582	0.005694
a	0	582	0.005698
b	0	582	0.005699
a	0	582	0.005703
b	0	582	0.005705
a	0	582	0.005709
b	0	582	0.005710
a	0	583	0.005714
b	0	584	0.005715
a	0	592	0.005746
b	0	593	0.005750
a	0	594	0.005756
b	0	594	0.005758
a	0	594	0.005764
b	0	594	0.005766
a	0	594	0.005773
b	0	594	0.005775
a	0	594	0.005782
b	0	595	0.005783
a	0	598	0.005793
b	0	598	0.005794
a	0	600	0.005803
b	0	601	0.005804
a	0	602	0.005811
b	0	602	0.005812
a	0	602	0.005818
b	0	602	0.005820
c	0	612	0.005846
b	0	612	0.005848
c	0	613	0.005849
b	0	614	0.005850
c	0	617	0.005853
b	0	617	0.005854
c	0	619	0.005860
b	0	619	0.005862
b	0	620	0.005863
c	0	630	0.005907
b	0	630	0.005909
c	0	631	0.005910
b	0	632	0.005911
c	0	633	0.005914
b	0	633	0.005915
c	0	634	0.005920
b	0	634	0.005921
b	0	634	0.005923
a	0	639	0.005938
b	0	639	0.005939
a	0	639	0.005952
b	0	639	0.005954
a	0	642	0.005965
b	0	643	0.005967
a	0	643	0.005978
b	0	643	0.005979
a	0	644	0.005986
b	0	644	0.005988
a	0	645	0.005994
b	0	645	0.005996
a	0	648	0.006010
b	0	649	0.006012
a	0	651	0.006018
b	0	651	0.006020
a	0	651	0.006026
b	0	651	0.006028
c	0	661	0.006094
b	0	661	0.006098
c	0	663	0.006100
b	0	663	0.006101
a	0	664	0.006102
b	0	664	0.006103
a	0	664	0.006105
b	0	664	0.006106
c	0	666	0.006108
b	0	666	0.006109
c	0	667	0.006114
b	0	667	0.006115
b	0	667	0.006116
a	0	667	0.006134
b	0	667	0.006136
a	0	668	0.006146
b	0	668	0.006147
a	0	671	0.006171
b	0	671	0.006172
a	0	671	0.006186
b	0	671	0.006187
a	0	671	0.006200
b	0	675	0.006214
a	0	675	0.006227
b	0	675	0.006228
a	0	676	0.006248
b	0	676	0.006249
a	0	679	0.006258
b	0	679	0.006260
a	0	679	0.006272
b	0	679	0.006274
a	0	679	0.006286
b	0	679	0.006288
a	0	679	0.006296
b	0	679	0.006297
a	0	679	0.006306
b	0	679	0.006307
a	0	679	0.006314
b	0	679	0.006315
a	0	680	0.006323
b	0	681	0.006325
a	0	683	0.006332
b	0	683	0.006333
a	0	696	0.006378
b	0	696	0.006384
a	0	700	0.006393
b	0	700	0.006394
a	0	702	0.006403
b	0	703	0.006404
a	0	703	0.006412
b	0	703	0.006414
a	0	706	0.006428
b	0	707	0.006430
a	0	714	0.006450
b	0	715	0.006452
a	0	716	0.006471
b	0	716	0.006472
c	0	725	0.006524
b	0	725	0.006529
c	0	726	0.006530
b	0	726	0.006531
c	0	727	0.006533
b	0	727	0.006534
c	0	728	0.006540
b	0	729	0.006542
b	0	729	0.006543
a	0	730	0.006562
b	0	731	0.006563
c	0	741	0.006632
b	0	741	0.006635
c	0	742	0.006636
b	0	742	0.006637
c	0	743	0.006641
b	0	743	0.006642
c	0	744	0.006647
b	0	744	0.006648
b	0	744	0.006650
c	0	757	0.006732
b	0	757	0.006736
c	0	758	0.006737
b	0	758	0.006738
c	0	759	0.006741
b	0	759	0.006742
c	0	760	0.006747
b	0	760	0.006748
b	0	760	0.006750
a	0	760	0.006754
b	0	760	0.006755
a	0	760	0.006758
b	0	760	0.006759
a	0	760	0.006761
b	0	760	0.006763
a	0	760	0.006765
b	0	760	0.006766
a	0	760	0.006769
b	0	760	0.006770
a	0	760	0.006773
b	0	760	0.006774
a	0	760	0.006788
b	0	760	0.006790
a	0	762	0.006793
b	0	762	0.006794
a	0	765	0.006800
b	0	766	0.006802
a	0	766	0.006804
b	0	766	0.006805
a	0	767	0.006808
b	0	767	0.006809
a	0	768	0.006812
b	0	768	0.006813
a	0	768	0.006815
b	0	768	0.006817
a	0	769	0.006819
b	0	769	0.006820
c	0	781	0.006899
b	0	781	0.006902
c	0	782	0.006904
b	0	782	0.006905
c	0	783	0.006908
b	0	783	0.006910
c	0	784	0.006914
b	0	784	0.006915
b	0	784	0.006916
a	0	788	0.006949
b	0	788	0.006951
a	0	790	0.006971
b	0	791	0.006973
c	0	807	0.007055
b	0	807	0.007059
c	0	808	0.007060
b	0	808	0.007061
c	0	810	0.007065
b	0	810	0.007067
c	0	812	0.007072
b	0	812	0.007074
b	0	813	0.007075
a	0	818	0.007094
b	0	818	0.007099
a	0	821	0.007114
b	0	821	0.007116
a	0	825	0.007130
b	0	826	0.007132
a	0	829	0.007145
b	0	829	0.007146
a	0	831	0.007165
b	0	833	0.007166
a	0	837	0.007181
b	0	837	0.007183
a	0	837	0.007196
b	0	837	0.007197
a	0	838	0.007209
b	0	838	0.007211
a	0	842	0.007223
b	0	842	0.007224
a	0	845	0.007236
b	0	845	0.007238
a	0	845	0.007250
b	0	845	0.007251
a	0	848	0.007269
b	0	848	0.007271
a	0	848	0.007283
b	0	848	0.007285
a	0	849	0.007297
b	0	849	0.007298
a	0	852	0.007311
b	0	852	0.007312
a	0	852	0.007324
b	0	852	0.007326
a	0	852	0.007338
b	0	852	0.007339
a	0	856	0.007375
b	0	856	0.007377
a	0	856	0.007390
b	0	856	0.007391
a	0	860	0.007404
b	0	860	0.007405
a	0	860	0.007417
b	0	860	0.007419
a	0	860	0.007431
b	0	860	0.007432
a	0	861	0.007445
b	0	864	0.007447
a	0	864	0.007459
b	0	864	0.007461
a	0	867	0.007481
b	0	868	0.007482
a	0	869	0.007495
b	0	870	0.007497
a	0	871	0.007509
b	0	871	0.007510
a	0	871	0.007522
b	0	872	0.007524
a	0	875	0.007536
b	0	875	0.007538
a	0	875	0.007550
b	0	876	0.007551
a	0	877	0.007565
b	0	879	0.007567
a	0	883	0.007590
b	0	883	0.007592
a	0	883	0.007604
b	0	883	0.007606
c	0	894	0.007668
b	0	896	0.007673
c	0	898	0.007674
b	0	898	0.007675
c	0	899	0.007679
b	0	899	0.007680
c	0	900	0.007686
b	0	900	0.007687
b	0	900	0.007689
a	0	900	0.007701
b	0	900	0.007702
a	0	900	0.007712
b	0	900	0.007714
c	0	913	0.007751
b	0	913	0.007754
c	0	914	0.007756
b	0	914	0.007757
b	0	915	0.007758
c	0	917	0.007762
b	0	918	0.007763
b	0	918	0.007765
a	0	918	0.007768
b	0	918	0.007769
a	0	918	0.007771
b	0	918	0.007772
a	0	918	0.007774
b	0	918	0.007775
a	0	918	0.007777
b	0	918	0.007778
a	0	918	0.007781
b	0	918	0.007782
a	0	918	0.007784
b	0	919	0.007785
a	0	920	0.007787
b	0	921	0.007788
a	0	923	0.007790
b	0	923	0.007791
a	0	926	0.007828
b	0	926	0.007830
a	0	929	0.007839
b	0	929	0.007840
a	0	931	0.007847
b	0	931	0.007849
c	0	942	0.007878
b	0	942	0.007881
c	0	943	0.007883
b	0	943	0.007884
b	0	943	0.007885
c	0	944	0.007887
b	0	944	0.007888
b	0	944	0.007889
a	0	944	0.007895
b	0	944	0.007897
a	0	945	0.007901
b	0	945	0.007902
a	0	948	0.007907
b	0	948	0.007908
a	0	949	0.007912
b	0	949	0.007913
a	0	951	0.007918
b	0	952	0.007919
a	0	952	0.007922
b	0	952	0.007923
a	0	952	0.007924
b	0	952	0.007926
a	0	952	0.007927
b	0	952	0.007928
a	0	952	0.007930
b	0	952	0.007931
a	0	952	0.007932
b	0	952	0.007934
a	0	952	0.007935
b	0	953	0.007936
a	0	953	0.007938
b	0	953	0.007939
a	0	955	0.007940
b	0	955	0.007942
a	0	955	0.007943
b	0	955	0.007944
a	0	956	0.007946
b	0	956	0.007947
a	0	956	0.007948
b	0	956	0.007949
a	0	956	0.007951
b	0	956	0.007952
a	0	956	0.007953
b	0	956	0.007954
a	0	956	0.007956
b	0	957	0.007957
a	0	957	0.007958
b	0	957	0.007959
a	0	957	0.007961
b	0	957	0.007962
a	0	957	0.007963
b	0	957	0.007965
a	0	957	0.007966
b	0	957	0.007967
a	0	957	0.007969
b	0	957	0.007970
a	0	957	0.007971
b	0	957	0.007972
a	0	957	0.007974
b	0	957	0.007975
a	0	958	0.007976
b	0	958	0.007977
c	0	970	0.008013
b	0	970	0.008014
c	0	971	0.008016
b	0	971	0.008017
b	0	971	0.008018
c	0	972	0.008020
b	0	972	0.008021
b	0	972	0.008022
a	0	972	0.008026
b	0	972	0.008027
a	0	972	0.008030
b	0	972	0.008031
a	0	972	0.008034
b	0	972	0.008035
a	0	972	0.008038
b	0	972	0.008039
a	0	972	0.008042
b	0	972	0.008043
a	0	972	0.008045
b	0	972	0.008047
a	0	972	0.008049
b	0	972	0.008050
a	0	973	0.008053
b	0	973	0.008054
a	0	974	0.008057
b	0	975	0.008058
a	0	975	0.008061
b	0	976	0.008062
a	0	976	0.008064
b	0	976	0.008066
a	0	976	0.008068
b	0	977	0.008069
a	0	977	0.008072
b	0	977	0.008073
a	0	983	0.008092
b	0	983	0.008094
a	0	983	0.008117
b	0	983	0.008119
a	0	987	0.008134
b	0	987	0.008136
c	0	996	0.008209
b	0	996	0.008214
c	0	997	0.008215
b	0	997	0.008217
c	0	998	0.008220
b	0	998	0.008221
c	0	999	0.008226
b	0	999	0.008228
b	0	999	0.008229
a	0	1009	0.008269
b	0	1009	0.008272
a	0	1013	0.008309
b	0	1013	0.008311
c	0	1036	0.008459
b	0	1039	0.008465
c	0	1040	0.008466
b	0	1040	0.008467
c	0	1041	0.008473
b	0	1041	0.008474
c	0	1044	0.008480
b	0	1045	0.008481
b	0	1046	0.008483
a	0	1049	0.008500
b	0	1049	0.008502
a	0	1049	0.008513
b	0	1049	0.008515
a	0	1049	0.008526
b	0	1049	0.008528
c	0	1061	0.008577
b	0	1061	0.008580
c	0	1062	0.008584
b	0	1062	0.008585
b	0	1062	0.008587
c	0	1063	0.008592
b	0	1063	0.008594
b	0	1064	0.008595
c	0	1068	0.008646
b	0	1068	0.008648
c	0	1069	0.008649
b	0	1069	0.008651
c	0	1070	0.008653
b	0	1070	0.008654
c	0	1071	0.008655
b	0	1071	0.008656
b	0	1071	0.008658
c	0	1077	0.008692
b	0	1077	0.008694
c	0	1078	0.008695
b	0	1078	0.008696
b	0	1078	0.008697
c	0	1080	0.008703
b	0	1080	0.008704
b	0	1081	0.008706
c	0	1087	0.008758
b	0	1087	0.008761
c	0	1089	0.008762
b	0	1089	0.008763
c	0	1090	0.008765
b	0	1090	0.008766
c	0	1091	0.008767
b	0	1091	0.008768
b	0	1091	0.008769
c	0	1096	0.008820
b	0	1096	0.008822
c	0	1098	0.008823
b	0	1099	0.008824
c	0	1100	0.008826
b	0	1100	0.008827
c	0	1103	0.008833
b	0	1103	0.008835
b	0	1103	0.008836
a	0	1107	0.008847
b	0	1107	0.008849
a	0	1108	0.008858
b	0	1109	0.008859
a	0	1114	0.008873
b	0	1114	0.008874
a	0	1115	0.008887
b	0	1116	0.008889
a	0	1124	0.008938
b	0	1125	0.008942
a	0	1125	0.008945
b	0	1125	0.008947
a	0	1125	0.008949
b	0	1125	0.008950
a	0	1125	0.008953
b	0	1125	0.008954
a	0	1125	0.008957
b	0	1125	0.008958
a	0	1125	0.008961
b	0	1125	0.008962
a	0	1125	0.008965
b	0	1125	0.008966
a	0	1125	0.008968
b	0	1125	0.008970
a	0	1126	0.008972
b	0	1126	0.008973
c	0	1134	0.009020
b	0	1134	0.009023
c	0	1135	0.009024
b	0	1135	0.009025
c	0	1136	0.009029
b	0	1136	0.009030
c	0	1137	0.009035
b	0	1137	0.009036
b	0	1137	0.009037
c	0	1143	0.009097
b	0	1143	0.009100
c	0	1144	0.009101
b	0	1144	0.009103
c	0	1145	0.009105
b	0	1145	0.009107
c	0	1146	0.009112
b	0	1146	0.009113
b	0	1146	0.009114
a	0	1146	0.009122
b	0	1146	0.009123
a	0	1147	0.009130
b	0	1147	0.009131
a	0	1147	0.009136
b	0	1147	0.009138
a	0	1148	0.009144
b	0	1150	0.009145
c	0	1156	0.009189
b	0	1156	0.009192
c	0	1157	0.009193
b	0	1157	0.009194
c	0	1158	0.009197
b	0	1158	0.009198
c	0	1159	0.009200
b	0	1159	0.009201
b	0	1159	0.009202
a	0	1167	0.009260
b	0	1167	0.009263
a	0	1171	0.009291
b	0	1171	0.009293
c	0	1187	0.009418
b	0	1187	0.009422
c	0	1188	0.009424
b	0	1188	0.009425
c	0	1189	0.009429
b	0	1189	0.009431
c	0	1190	0.009436
b	0	1190	0.009437
b	0	1190	0.009438
a	0	1196	0.009498
b	0	1197	0.009503
a	0	1199	0.009518
b	0	1199	0.009519
c	0	1210	0.009571
b	0	1210	0.009573
c	0	1211	0.009574
b	0	1211	0.009575
c	0	1212	0.009577
b	0	1212	0.009578
c	0	1213	0.009582
b	0	1213	0.009584
b	0	1213	0.009585
a	0	1221	0.009628
b	0	1221	0.009630
a	0	1228	0.009666
b	0	1228	0.009669
a	0	1229	0.009689
b	0	1229	0.009691
a	0	1232	0.009710
b	0	1232	0.009712
a	0	1236	0.009729
b	0	1236	0.009731
a	0	1242	0.009759
b	0	1242	0.009761
a	0	1242	0.009779
b	0	1243	0.009780
c	0	1270	0.009857
b	0	1270	0.009860
c	0	1271	0.009861
b	0	1271	0.009862
c	0	1273	0.009866
b	0	1273	0.009867
c	0	1275	0.009872
b	0	1277	0.009874
b	0	1277	0.009875
a	0	1277	0.009880
b	0	1277	0.009881
a	0	1278	0.009884
b	0	1278	0.009885
a	0	1280	0.009889
b	0	1280	0.009890
a	0	1284	0.009898
b	0	1284	0.009900
c	0	1286	0.009941
b	0	1286	0.009944
c	0	1287	0.009946
b	0	1287	0.009947
c	0	1288	0.009948
b	0	1288	0.009950
c	0	1289	0.009951
b	0	1289	0.009952
b	0	1289	0.009953
a	0	1292	0.009968
b	0	1292	0.009970
a	0	1293	0.009983
b	0	1293	0.009985
c	0	1306	0.010032
b	0	1308	0.010035
c	0	1309	0.010036
b	0	1309	0.010037
a	0	1310	0.010039
b	0	1310	0.010040
c	0	1311	0.010042
b	0	1311	0.010043
c	0	1312	0.010048
b	0	1312	0.010050
b	0	1312	0.010051
c	0	1325	0.010100
b	0	1325	0.010103
c	0	1326	0.010105
b	0	1326	0.010106
c	0	1327	0.010108
b	0	1327	0.010110
c	0	1328	0.010115
b	0	1328	0.010116
b	0	1328	0.010118
c	0	1341	0.010193
b	0	1341	0.010197
c	0	1342	0.010198
b	0	1342	0.010199
c	0	1343	0.010201
b	0	1343	0.010202
c	0	1344	0.010206
b	0	1344	0.010207
b	0	1344	0.010209
a	0	1344	0.010226
b	0	1344	0.010227
a	0	1344	0.010243
b	0	1344	0.010245
a	0	1344	0.010259
b	0	1344	0.010260
a	0	1344	0.010273
b	0	1344	0.010274
a	0	1345	0.010286
b	0	1345	0.010288
a	0	1348	0.010308
b	0	1348	0.010310
a	0	1348	0.010322
b	0	1348	0.010323
a	0	1351	0.010336
b	0	1351	0.010338
a	0	1356	0.010356
b	0	1356	0.010358
a	0	1356	0.010372
b	0	1356	0.010374
a	0	1356	0.010387
b	0	1357	0.010389
a	0	1366	0.010405
b	0	1366	0.010407
a	0	1373	0.010437
b	0	1373	0.010439
c	0	1392	0.010515
b	0	1392	0.010519
c	0	1393	0.010520
b	0	1394	0.010521
c	0	1395	0.010525
b	0	1396	0.010526
a	0	1397	0.010528
b	0	1397	0.010529
a	0	1397	0.010530
b	0	1397	0.010531
c	0	1399	0.010537
b	0	1399	0.010538
b	0	1399	0.010539
c	0	1411	0.010609
b	0	1411	0.010612
c	0	1412	0.010613
b	0	1412	0.010615
c	0	1413	0.010616
b	0	1413	0.010618
c	0	1415	0.010623
b	0	1416	0.010624
b	0	1417	0.010625
c	0	1430	0.010721
b	0	1430	0.010723
c	0	1431	0.010723
b	0	1432	0.010724
a	0	1432	0.010724
b	0	1433	0.010725
a	0	1433	0.010726
b	0	1433	0.010726
a	0	1434	0.010727
b	0	1435	0.010727
c	0	1436	0.010729
b	0	1436	0.010730
a	0	1438	0.010730
b	0	1438	0.010731
a	0	1438	0.010732
b	0	1438	0.010732
c	0	1441	0.010735
b	0	1441	0.010736
b	0	1442	0.010736
c	0	1448	0.010754
b	0	1448	0.010755
c	0	1449	0.010755
b	0	1449	0.010756
c	0	1450	0.010757
b	0	1450	0.010757
c	0	1451	0.010759
b	0	1451	0.010760
b	0	1451	0.010760
a	0	1452	0.010762
b	0	1452	0.010763
a	0	1453	0.010764
b	0	1455	0.010765
a	0	1455	0.010766
b	0	1455	0.010767
a	0	1455	0.010768
b	0	1455	0.010768
a	0	1458	0.010779
b	0	1459	0.010780
a	0	1459	0.010784
b	0	1459	0.010784
a	0	1460	0.010786
b	0	1460	0.010786
a	0	1460	0.010788
b	0	1460	0.010788
a	0	1460	0.010790
b	0	1460	0.010790
a	0	1460	0.010791
b	0	1460	0.010792
a	0	1460	0.010793
b	0	1460	0.010794
a	0	1460	0.010795
b	0	1460	0.010796
a	0	1460	0.010797
b	0	1460	0.010798
a	0	1460	0.010799
b	0	1460	0.010800
a	0	1461	0.010805
b	0	1461	0.010806
a	0	1464	0.010811
b	0	1465	0.010811
a	0	1468	0.010815
b	0	1468	0.010816
a	0	1468	0.010817
b	0	1468	0.010818
a	0	1468	0.010819
b	0	1468	0.010820
a	0	1468	0.010821
b	0	1468	0.010822
a	0	1468	0.010823
b	0	1468	0.010824
a	0	1469	0.010825
b	0	1469	0.010825
a	0	1469	0.010827
b	0	1469	0.010827
a	0	1472	0.010829
b	0	1472	0.010829
a	0	1473	0.010831
b	0	1473	0.010832
a	0	1475	0.010853
b	0	1476	0.010855
a	0	1478	0.010860
b	0	1478	0.010861
a	0	1478	0.010866
b	0	1478	0.010866
a	0	1478	0.010871
b	0	1478	0.010872
a	0	1482	0.010879
b	0	1483	0.010880
a	0	1485	0.010884
b	0	1485	0.010885
a	0	1485	0.010888
b	0	1485	0.010889
a	0	1485	0.010891
b	0	1485	0.010892
a	0	1485	0.010894
b	0	1485	0.010894
a	0	1486	0.010895
b	0	1486	0.010896
a	0	1486	0.010897
b	0	1487	0.010898
a	0	1487	0.010899
b	0	1487	0.010900
a	0	1489	0.010901
b	0	1489	0.010902
a	0	1492	0.010903
b	0	1492	0.010904
a	0	1493	0.010905
b	0	1493	0.010906
a	0	1496	0.010911
b	0	1496	0.010911
a	0	1497	0.010915
b	0	1497	0.010916
a	0	1497	0.010920
b	0	1497	0.010921
a	0	1497	0.010925
b	0	1497	0.010926
a	0	1501	0.010942
b	0	1501	0.010943
a	0	1501	0.010947
b	0	1501	0.010948
a	0	1501	0.010952
b	0	1501	0.010953
a	0	1504	0.010957
b	0	1506	0.010958
a	0	1511	0.010962
b	0	1511	0.010963
a	0	1514	0.010968
b	0	1514	0.010969
c	0	1527	0.010995
b	0	1527	0.010996
c	0	1528	0.010997
b	0	1528	0.010997
c	0	1529	0.010998
b	0	1529	0.010999
c	0	1531	0.011000
b	0	1531	0.011000
b	0	1531	0.011001
c	0	1535	0.011016
b	0	1536	0.011018
c	0	1538	0.011018
b	0	1538	0.011019
b	0	1538	0.011019
a	0	1538	0.011020
b	0	1538	0.011021
a	0	1539	0.011021
b	0	1540	0.011022
c	0	1542	0.011025
b	0	1542	0.011026
b	0	1543	0.011027
c	0	1554	0.011062
b	0	1554	0.011064
c	0	1555	0.011065
b	0	1556	0.011065
b	0	1556	0.011066
a	0	1556	0.011066
b	0	1556	0.011067
a	0	1556	0.011067
b	0	1557	0.011068
c	0	1558	0.011071
b	0	1558	0.011072
b	0	1558	0.011072
a	0	1559	0.011080
b	0	1559	0.011081
c	0	1571	0.011101
b	0	1571	0.011102
c	0	1572	0.011103
b	0	1572	0.011103
b	0	1572	0.011104
c	0	1573	0.011107
b	0	1573	0.011107
b	0	1573	0.011108
a	0	1573	0.011113
b	0	1573	0.011114
a	0	1578	0.011132
b	0	1578	0.011134
a	0	1578	0.011138
b	0	1578	0.011139
a	0	1578	0.011143
b	0	1578	0.011144
a	0	1578	0.011148
b	0	1578	0.011149
c	0	1582	0.011164
b	0	1582	0.011166
c	0	1583	0.011166
b	0	1583	0.011167
c	0	1584	0.011168
b	0	1584	0.011168
c	0	1585	0.011169
b	0	1585	0.011169
b	0	1585	0.011170
c	0	1597	0.011198
b	0	1598	0.011199
c	0	1599	0.011199
b	0	1599	0.011200
c	0	1600	0.011201
b	0	1600	0.011202
c	0	1603	0.011205
b	0	1603	0.011206
b	0	1603	0.011206
c	0	1606	0.011224
b	0	1606	0.011227
c	0	1608	0.011227
b	0	1609	0.011228
b	0	1609	0.011228
a	0	1609	0.011229
b	0	1609	0.011230
c	0	1611	0.011237
b	0	1611	0.011237
b	0	1611	0.011238
a	0	1611	0.011239
b	0	1611	0.011240
a	0	1611	0.011241
b	0	1611	0.011242
a	0	1611	0.011243
b	0	1611	0.011244
a	0	1612	0.011245
b	0	1612	0.011246
a	0	1613	0.011248
b	0	1614	0.011248
a	0	1614	0.011249
b	0	1615	0.011250
a	0	1615	0.011251
b	0	1615	0.011252
a	0	1615	0.011253
b	0	1616	0.011254
a	0	1616	0.011255
b	0	1617	0.011255
a	0	1618	0.011257
b	0	1618	0.011257
c	0	1628	0.011280
b	0	1628	0.011281
c	0	1629	0.011282
b	0	1629	0.011282
b	0	1629	0.011283
c	0	1630	0.011286
b	0	1630	0.011287
b	0	1630	0.011287
a	0	1630	0.011288
b	0	1630	0.011289
a	0	1631	0.011290
b	0	1631	0.011290
a	0	1631	0.011291
b	0	1631	0.011291
a	0	1632	0.011292
b	0	1633	0.011293
a	0	1633	0.011293
b	0	1633	0.011294
a	0	1634	0.011295
b	0	1635	0.011295
a	0	1635	0.011296
b	0	1635	0.011296
a	0	1638	0.011310
b	0	1638	0.011311
a	0	1638	0.011321
b	0	1638	0.011322
c	0	1650	0.011370
b	0	1651	0.011373
c	0	1652	0.011374
b	0	1652	0.011374
c	0	1653	0.011376
b	0	1653	0.011377
c	0	1654	0.011379
b	0	1654	0.011380
b	0	1654	0.011381
a	0	1654	0.011385
b	0	1654	0.011386
a	0	1654	0.011388
b	0	1654	0.011389
a	0	1656	0.011392
b	0	1657	0.011392
a	0	1661	0.011396
b	0	1661	0.011397
c	0	1674	0.011441
b	0	1674	0.011444
c	0	1676	0.011445
b	0	1676	0.011445
c	0	1677	0.011446
b	0	1677	0.011447
c	0	1679	0.011450
b	0	1679	0.011450
b	0	1680	0.011451
c	0	1688	0.011465
b	0	1689	0.011466
c	0	1690	0.011467
b	0	1690	0.011467
b	0	1691	0.011468
c	0	1693	0.011471
b	0	1694	0.011472
b	0	1694	0.011472
a	0	1695	0.011478
b	0	1695	0.011479
c	0	1704	0.011505
b	0	1704	0.011506
c	0	1705	0.011506
b	0	1705	0.011507
c	0	1707	0.011508
b	0	1708	0.011509
c	0	1710	0.011512
b	0	1711	0.011512
b	0	1711	0.011513
a	0	1719	0.011526
b	0	1719	0.011526
a	0	1721	0.011535
b	0	1721	0.011536
a	0	1723	0.011544
b	0	1723	0.011545
a	0	1723	0.011552
b	0	1723	0.011552
a	0	1725	0.011559
b	0	1726	0.011560
a	0	1746	0.011597
b	0	1748	0.011599
a	0	1749	0.011602
b	0	1749	0.011603
a	0	1749	0.011605
b	0	1749	0.011606
a	0	1750	0.011608
b	0	1750	0.011609
c	0	1761	0.011642
b	0	1761	0.011645
c	0	1762	0.011645
b	0	1762	0.011646
c	0	1763	0.011647
b	0	1763	0.011648
c	0	1764	0.011650
b	0	1764	0.011651
b	0	1764	0.011652
a	0	1765	0.011658
b	0	1765	0.011658
a	0	1766	0.011663
b	0	1766	0.011664
a	0	1769	0.011668
b	0	1769	0.011669
a	0	1771	0.011676
b	0	1771	0.011677
c	0	1781	0.011698
b	0	1781	0.011699
c	0	1782	0.011700
b	0	1782	0.011701
c	0	1783	0.011703
b	0	1783	0.011703
c	0	1784	0.011706
b	0	1784	0.011707
b	0	1784	0.011707
a	0	1788	0.011718
b	0	1788	0.011719
a	0	1793	0.011738
b	0	1794	0.011740
a	0	1802	0.011756
b	0	1803	0.011757
a	0	1804	0.011762
b	0	1804	0.011762
a	0	1804	0.011767
b	0	1804	0.011767
a	0	1804	0.011768
b	0	1804	0.011769
a	0	1804	0.011770
b	0	1804	0.011770
a	0	1804	0.011771
b	0	1804	0.011771
a	0	1804	0.011772
b	0	1804	0.011773
a	0	1804	0.011773
b	0	1804	0.011774
a	0	1804	0.011775
b	0	1804	0.011775
a	0	1804	0.011776
b	0	1804	0.011776
a	0	1804	0.011777
b	0	1804	0.011778
a	0	1804	0.011778
b	0	1804	0.011779
a	0	1804	0.011779
b	0	1805	0.011780
a	0	1807	0.011785
b	0	1807	0.011785
a	0	1808	0.011792
b	0	1809	0.011792
a	0	1813	0.011797
b	0	1813	0.011798
a	0	1819	0.011817
b	0	1819	0.011819
c	0	1831	0.011837
b	0	1831	0.011839
c	0	1832	0.011840
b	0	1832	0.011840
c	0	1833	0.011841
b	0	1833	0.011842
c	0	1834	0.011842
b	0	1834	0.011843
b	0	1834	0.011843
c	0	1845	0.011870
b	0	1845	0.011872
c	0	1847	0.011872
b	0	1848	0.011873
b	0	1849	0.011873
c	0	1850	0.011877
b	0	1850	0.011878
b	0	1850	0.011878
c	0	1859	0.011899
b	0	1859	0.011901
c	0	1860	0.011901
b	0	1861	0.011902
c	0	1862	0.011903
b	0	1862	0.011903
c	0	1863	0.011904
b	0	1863	0.011905
b	0	1864	0.011905
a	0	1867	0.011908
b	0	1867	0.011909
a	0	1868	0.011911
b	0	1868	0.011912
a	0	1869	0.011914
b	0	1869	0.011914
a	0	1870	0.011916
b	0	1870	0.011917
c	0	1881	0.011948
b	0	1883	0.011951
c	0	1884	0.011952
b	0	1884	0.011952
c	0	1885	0.011954
b	0	1885	0.011954
c	0	1886	0.011955
b	0	1886	0.011956
b	0	1886	0.011956
c	0	1900	0.011988
b	0	1900	0.011990
c	0	1901	0.011991
b	0	1901	0.011991
c	0	1902	0.011992
b	0	1902	0.011993
c	0	1904	0.011994
b	0	1904	0.011994
b	0	1905	0.011996
c	0	1907	0.012011
b	0	1907	0.012012
c	0	1908	0.012012
b	0	1908	0.012013
c	0	1909	0.012015
b	0	1909	0.012015
c	0	1911	0.012018
b	0	1911	0.012019
b	0	1911	0.012020
c	0	1919	0.012052
b	0	1919	0.012053
c	0	1920	0.012054
b	0	1920	0.012055
c	0	1921	0.012055
b	0	1921	0.012056
c	0	1922	0.012057
b	0	1922	0.012057
b	0	1922	0.012058
c	0	1927	0.012083
b	0	1927	0.012084
c	0	1929	0.012084
b	0	1929	0.012085
b	0	1929	0.012086
c	0	1931	0.012089
b	0	1931	0.012090
b	0	1932	0.012090
c	0	1934	0.012107
b	0	1934	0.012108
c	0	1935	0.012109
b	0	1935	0.012109
b	0	1935	0.012110
c	0	1936	0.012113
b	0	1936	0.012114
b	0	1936	0.012114
a	0	1936	0.012116
b	0	1936	0.012116
a	0	1937	0.012117
b	0	1937	0.012118
c	0	1950	0.012158
b	0	1950	0.012160
c	0	1952	0.012161
b	0	1952	0.012162
a	0	1953	0.012162
b	0	1953	0.012163
a	0	1953	0.012163
b	0	1953	0.012164
c	0	1956	0.012165
b	0	1957	0.012166
a	0	1958	0.012166
b	0	1958	0.012167
c	0	1959	0.012170
b	0	1959	0.012171
b	0	1959	0.012172
a	0	1959	0.012177
b	0	1959	0.012178
a	0	1960	0.012182
b	0	1961	0.012183
a	0	1963	0.012191
b	0	1964	0.012191
c	0	1968	0.012207
b	0	1968	0.012208
c	0	1969	0.012208
b	0	1969	0.012209
c	0	1970	0.012210
b	0	1970	0.012211
c	0	1971	0.012214
b	0	1971	0.012214
b	0	1971	0.012215
c	0	1973	0.012229
b	0	1973	0.012231
c	0	1974	0.012231
b	0	1974	0.012232
b	0	1974	0.012232
c	0	1976	0.012235
b	0	1976	0.012235
b	0	1976	0.012236
a	0	1979	0.012254
b	0	1979	0.012255
c	0	1988	0.012301
b	0	1988	0.012304
c	0	1989	0.012304
b	0	1990	0.012305
a	0	1990	0.012306
b	0	1990	0.012306
a	0	1990	0.012307
b	0	1990	0.012307
a	0	1991	0.012308
b	0	1991	0.012309
a	0	1991	0.012309
b	0	1991	0.012310
a	0	1991	0.012310
b	0	1991	0.012311
c	0	1993	0.012313
b	0	1993	0.012314
c	0	1994	0.012317
b	0	1994	0.012317
b	0	1994	0.012318
c	0	2007	0.012366
b	0	2007	0.012367
c	0	2008	0.012368
b	0	2008	0.012368
c	0	2009	0.012369
b	0	2009	0.012370
c	0	2010	0.012371
b	0	2010	0.012371
a	0	2010	0.012372
b	0	2010	0.012372
a	0	2010	0.012373
b	0	2010	0.012373
a	0	2011	0.012374
b	0	2011	0.012374
a	0	2011	0.012375
b	0	2011	0.012375
a	0	2011	0.012376
b	0	2011	0.012376
a	0	2011	0.012377
b	0	2011	0.012377
a	0	2011	0.012378
b	0	2011	0.012378
a	0	2011	0.012379
b	0	2011	0.012379
a	0	2012	0.012380
b	0	2012	0.012380
a	0	2012	0.012381
b	0	2013	0.012381
a	0	2013	0.012382
b	0	2013	0.012382
a	0	2013	0.012383
b	0	2013	0.012383
a	0	2013	0.012384
b	0	2014	0.012384
a	0	2015	0.012385
b	0	2015	0.012385
a	0	2015	0.012386
b	0	2015	0.012386
a	0	2015	0.012387
b	0	2015	0.012387
b	0	2015	0.012388
a	0	2015	0.012390
b	0	2016	0.012390
a	0	2016	0.012391
b	0	2017	0.012392
a	0	2017	0.012393
b	0	2017	0.012393
a	0	2018	0.012395
b	0	2018	0.012395
a	0	2018	0.012396
b	0	2018	0.012397
a	0	2018	0.012398
b	0	2018	0.012398
a	0	2018	0.012399
b	0	2018	0.012400
a	0	2018	0.012401
b	0	2018	0.012401
a	0	2018	0.012402
b	0	2018	0.012403
a	0	2018	0.012404
b	0	2018	0.012404
a	0	2019	0.012405
b	0	2020	0.012406
a	0	2020	0.012407
b	0	2020	0.012407
a	0	2023	0.012409
b	0	2024	0.012409
a	0	2025	0.012410
b	0	2025	0.012411
a	0	2026	0.012412
b	0	2026	0.012412
a	0	2026	0.012413
b	0	2026	0.012414
a	0	2027	0.012415
b	0	2027	0.012416
a	0	2027	0.012416
b	0	2027	0.012417
c	0	2031	0.012436
b	0	2031	0.012437
c	0	2032	0.012438
b	0	2032	0.012438
c	0	2033	0.012439
b	0	2033	0.012440
c	0	2035	0.012443
b	0	2035	0.012444
b	0	2035	0.012444
a	0	2038	0.012446
b	0	2039	0.012447
a	0	2041	0.012450
b	0	2042	0.012450
a	0	2042	0.012452
b	0	2042	0.012452
a	0	2042	0.012454
b	0	2043	0.012455
a	0	2043	0.012456
b	0	2044	0.012457
a	0	2049	0.012462
b	0	2050	0.012462
a	0	2050	0.012464
b	0	2051	0.012464
a	0	2051	0.012466
b	0	2051	0.012467
a	0	2051	0.012468
b	0	2051	0.012469
a	0	2051	0.012470
b	0	2051	0.012471
a	0	2051	0.012472
b	0	2051	0.012473
a	0	2051	0.012474
b	0	2051	0.012475
a	0	2051	0.012476
b	0	2051	0.012477
a	0	2053	0.012478
b	0	2054	0.012479
c	0	2064	0.012499
b	0	2064	0.012500
c	0	2066	0.012501
b	0	2066	0.012501
c	0	2068	0.012503
b	0	2068	0.012503
a	0	2068	0.012504
b	0	2068	0.012505
a	0	2068	0.012505
b	0	2068	0.012506
c	0	2070	0.012509
b	0	2070	0.012510
b	0	2071	0.012510
a	0	2077	0.012528
b	0	2077	0.012529
c	0	2090	0.012575
b	0	2090	0.012579
c	0	2091	0.012580
b	0	2091	0.012580
c	0	2092	0.012582
b	0	2092	0.012583
c	0	2093	0.012586
b	0	2093	0.012586
b	0	2093	0.012587
a	0	2093	0.012595
b	0	2093	0.012595
a	0	2093	0.012601
b	0	2093	0.012602
c	0	2103	0.012633
b	0	2103	0.012636
c	0	2104	0.012637
b	0	2105	0.012637
a	0	2105	0.012638
b	0	2106	0.012638
a	0	2106	0.012639
b	0	2106	0.012640
a	0	2106	0.012640
b	0	2107	0.012641
c	0	2108	0.012642
b	0	2108	0.012643
c	0	2109	0.012643
b	0	2109	0.012644
b	0	2109	0.012645
c	0	2119	0.012665
b	0	2120	0.012667
c	0	2122	0.012668
b	0	2122	0.012668
a	0	2122	0.012669
b	0	2122	0.012670
a	0	2123	0.012670
b	0	2123	0.012671
c	0	2124	0.012672
b	0	2124	0.012673
c	0	2125	0.012675
b	0	2125	0.012676
b	0	2125	0.012677
a	0	2125	0.012692
b	0	2125	0.012693
a	0	2125	0.012701
b	0	2125	0.012702
a	0	2125	0.012710
b	0	2126	0.012711
a	0	2129	0.012718
b	0	2129	0.012719
a	0	2129	0.012726
b	0	2129	0.012727
a	0	2130	0.012734
b	0	2130	0.012735
a	0	2133	0.012749
b	0	2133	0.012750
a	0	2133	0.012757
b	0	2133	0.012757
a	0	2134	0.012764
b	0	2135	0.012765
a	0	2141	0.012775
b	0	2142	0.012776
a	0	2144	0.012785
b	0	2144	0.012786
a	0	2157	0.012826
b	0	2157	0.012828
a	0	2157	0.012836
b	0	2157	0.012837
a	0	2157	0.012840
b	0	2157	0.012840
c	0	2165	0.012869
b	0	2166	0.012871
c	0	2167	0.012872
b	0	2167	0.012872
c	0	2168	0.012874
b	0	2168	0.012874
c	0	2169	0.012877
b	0	2169	0.012878
b	0	2169	0.012878
a	0	2169	0.012884
b	0	2169	0.012885
a	0	2170	0.012897
b	0	2170	0.012898
a	0	2172	0.012903
b	0	2172	0.012903
a	0	2173	0.012909
b	0	2173	0.012910
a	0	2173	0.012914
b	0	2173	0.012915
a	0	2173	0.012917
b	0	2173	0.012918
a	0	2177	0.012924
b	0	2177	0.012924
a	0	2177	0.012928
b	0	2178	0.012929
a	0	2178	0.012930
b	0	2178	0.012931
a	0	2179	0.012932
b	0	2179	0.012932
a	0	2180	0.012933
b	0	2180	0.012934
a	0	2181	0.012935
b	0	2181	0.012935
a	0	2181	0.012937
b	0	2181	0.012937
a	0	2182	0.012938
b	0	2182	0.012939
a	0	2182	0.012940
b	0	2183	0.012940
a	0	2183	0.012941
b	0	2183	0.012942
a	0	2188	0.012946
b	0	2188	0.012947
a	0	2191	0.012951
b	0	2191	0.012951
a	0	2192	0.012953
b	0	2192	0.012953
a	0	2193	0.012955
b	0	2193	0.012955
a	0	2193	0.012956
b	0	2193	0.012957
a	0	2193	0.012958
b	0	2193	0.012959
a	0	2193	0.012960
b	0	2193	0.012960
a	0	2193	0.012962
b	0	2193	0.012962
a	0	2193	0.012963
b	0	2193	0.012964
a	0	2193	0.012966
b	0	2193	0.012966
a	0	2193	0.012967
b	0	2193	0.012968
a	0	2193	0.012969
b	0	2193	0.012970
a	0	2200	0.012975
b	0	2200	0.012976
a	0	2201	0.012978
b	0	2201	0.012978
a	0	2203	0.012980
b	0	2203	0.012981
a	0	2204	0.012983
b	0	2204	0.012983
a	0	2205	0.012985
b	0	2205	0.012986
a	0	2205	0.012988
b	0	2205	0.012988
a	0	2206	0.012990
b	0	2206	0.012991
c	0	2222	0.013023
b	0	2224	0.013024
c	0	2226	0.013025
b	0	2226	0.013026
a	0	2227	0.013026
b	0	2227	0.013027
a	0	2227	0.013027
b	0	2228	0.013028
a	0	2228	0.013028
b	0	2229	0.013029
a	0	2229	0.013030
b	0	2230	0.013030
a	0	2230	0.013031
b	0	2230	0.013031
a	0	2230	0.013032
b	0	2230	0.013032
c	0	2233	0.013033
b	0	2233	0.013034
a	0	2234	0.013035
b	0	2234	0.013035
a	0	2234	0.013036
b	0	2234	0.013036
a	0	2234	0.013037
b	0	2235	0.013037
c	0	2236	0.013038
b	0	2236	0.013039
b	0	2236	0.013039
a	0	2241	0.013050
b	0	2241	0.013051
a	0	2242	0.013060
b	0	2243	0.013061
a	0	2243	0.013069
b	0	2243	0.013069
a	0	2246	0.013077
b	0	2247	0.013078
a	0	2258	0.013101
b	0	2258	0.013102
a	0	2259	0.013110
b	0	2259	0.013111
a	0	2259	0.013118
b	0	2259	0.013119
a	0	2261	0.013126
b	0	2261	0.013126
c	0	2281	0.013161
b	0	2282	0.013163
c	0	2283	0.013164
b	0	2283	0.013164
a	0	2284	0.013165
b	0	2286	0.013165
a	0	2286	0.013166
b	0	2286	0.013166
a	0	2287	0.013167
b	0	2287	0.013168
a	0	2287	0.013168
b	0	2287	0.013169
a	0	2288	0.013169
b	0	2288	0.013170
a	0	2288	0.013170
b	0	2288	0.013171
a	0	2288	0.013171
b	0	2289	0.013172
c	0	2290	0.013173
b	0	2291	0.013174
c	0	2292	0.013175
b	0	2292	0.013175
b	0	2293	0.013176
a	0	2299	0.013189
b	0	2299	0.013189
c	0	2320	0.013235
b	0	2320	0.013238
c	0	2321	0.013238
b	0	2321	0.013239
c	0	2322	0.013240
b	0	2322	0.013241
c	0	2324	0.013242
b	0	2324	0.013242
b	0	2324	0.013243
a	0	2326	0.013248
b	0	2326	0.013249
a	0	2326	0.013252
b	0	2326	0.013255
a	0	2326	0.013259
b	0	2326	0.013259
a	0	2327	0.013263
b	0	2327	0.013264
c	0	2337	0.013281
b	0	2338	0.013282
c	0	2339	0.013283
b	0	2340	0.013283
b	0	2341	0.013284
a	0	2341	0.013284
b	0	2341	0.013285
a	0	2342	0.013286
b	0	2342	0.013286
c	0	2346	0.013289
b	0	2346	0.013290
b	0	2348	0.013290
c	0	2357	0.013307
b	0	2357	0.013308
c	0	2358	0.013308
b	0	2359	0.013309
b	0	2359	0.013310
c	0	2361	0.013313
b	0	2362	0.013314
b	0	2363	0.013314
c	0	2367	0.013328
b	0	2368	0.013329
c	0	2370	0.013329
b	0	2370	0.013330
b	0	2370	0.013330
c	0	2371	0.013331
b	0	2371	0.013332
b	0	2371	0.013332
a	0	2378	0.013346
b	0	2378	0.013347
a	0	2378	0.013355
b	0	2378	0.013355
a	0	2381	0.013362
b	0	2381	0.013363
c	0	2393	0.013396
b	0	2393	0.013399
c	0	2394	0.013399
b	0	2394	0.013400
c	0	2395	0.013401
b	0	2395	0.013402
c	0	2396	0.013405
b	0	2396	0.013406
b	0	2396	0.013406
a	0	2397	0.013408
b	0	2398	0.013409
c	0	2409	0.013428
b	0	2409	0.013430
c	0	2410	0.013430
b	0	2410	0.013431
c	0	2411	0.013432
b	0	2411	0.013432
c	0	2412	0.013433
b	0	2412	0.013434
b	0	2412	0.013434
a	0	2412	0.013439
b	0	2412	0.013440
a	0	2412	0.013443
b	0	2412	0.013444
a	0	2414	0.013451
b	0	2415	0.013452
a	0	2416	0.013455
b	0	2416	0.013456
a	0	2417	0.013459
b	0	2417	0.013460
a	0	2418	0.013463
b	0	2419	0.013464
a	0	2419	0.013465
b	0	2419	0.013466
a	0	2419	0.013466
b	0	2419	0.013467
a	0	2419	0.013467
b	0	2419	0.013468
a	0	2419	0.013468
b	0	2420	0.013469
a	0	2420	0.013469
b	0	2420	0.013470
a	0	2420	0.013470
b	0	2420	0.013471
a	0	2425	0.013475
b	0	2426	0.013476
a	0	2427	0.013480
b	0	2427	0.013480
a	0	2428	0.013484
b	0	2428	0.013485
c	0	2435	0.013501
b	0	2435	0.013502
c	0	2436	0.013503
b	0	2437	0.013503
a	0	2437	0.013504
b	0	2437	0.013505
a	0	2437	0.013505
b	0	2438	0.013506
c	0	2439	0.013507
b	0	2440	0.013508
c	0	2441	0.013510
b	0	2441	0.013511
b	0	2441	0.013511
a	0	2444	0.013518
b	0	2444	0.013519
a	0	2444	0.013525
b	0	2444	0.013526
a	0	2445	0.013531
b	0	2445	0.013532
a	0	2448	0.013539
b	0	2449	0.013540
c	0	2464	0.013564
b	0	2464	0.013565
c	0	2465	0.013566
b	0	2465	0.013567
c	0	2466	0.013568
b	0	2467	0.013568
c	0	2468	0.013569
b	0	2469	0.013569
b	0	2470	0.013570
a	0	2479	0.013587
b	0	2479	0.013589
a	0	2479	0.013595
b	0	2479	0.013596
a	0	2483	0.013603
b	0	2483	0.013604
a	0	2483	0.013611
b	0	2483	0.013611
a	0	2494	0.013639
b	0	2494	0.013642
a	0	2494	0.013643
b	0	2494	0.013644
a	0	2495	0.013645
b	0	2496	0.013645
a	0	2498	0.013646
b	0	2498	0.013647
a	0	2498	0.013648
b	0	2499	0.013649
a	0	2502	0.013650
b	0	2502	0.013650
a	0	2502	0.013651
b	0	2502	0.013652
a	0	2502	0.013653
b	0	2502	0.013654
a	0	2502	0.013654
b	0	2502	0.013655
a	0	2502	0.013656
b	0	2502	0.013656
a	0	2502	0.013657
b	0	2502	0.013658
a	0	2502	0.013659
b	0	2502	0.013659
a	0	2503	0.013660
b	0	2503	0.013661
a	0	2503	0.013662
b	0	2504	0.013663
a	0	2506	0.013664
b	0	2506	0.013664
a	0	2506	0.013665
b	0	2506	0.013666
a	0	2506	0.013667
b	0	2506	0.013667
a	0	2506	0.013668
b	0	2506	0.013669
a	0	2506	0.013670
b	0	2506	0.013670
a	0	2506	0.013671
b	0	2506	0.013672
a	0	2506	0.013673
b	0	2506	0.013673
a	0	2506	0.013674
b	0	2506	0.013675
a	0	2506	0.013679
b	0	2507	0.013680
a	0	2508	0.013681
b	0	2509	0.013681
a	0	2510	0.013682
b	0	2510	0.013683
a	0	2511	0.013684
b	0	2511	0.013685
a	0	2514	0.013688
b	0	2514	0.013689
a	0	2514	0.013690
b	0	2514	0.013691
a	0	2514	0.013692
b	0	2514	0.013692
a	0	2514	0.013693
b	0	2514	0.013694
a	0	2514	0.013697
b	0	2514	0.013698
a	0	2514	0.013699
b	0	2514	0.013700
a	0	2514	0.013701
b	0	2514	0.013701
a	0	2515	0.013702
b	0	2515	0.013703
a	0	2516	0.013707
b	0	2517	0.013707
a	0	2517	0.013708
b	0	2517	0.013709
a	0	2519	0.013710
b	0	2519	0.013711
a	0	2519	0.013711
b	0	2519	0.013712
a	0	2520	0.013713
b	0	2521	0.013714
a	0	2522	0.013715
b	0	2522	0.013715
a	0	2522	0.013716
b	0	2522	0.013717
a	0	2522	0.013718
b	0	2522	0.013718
a	0	2522	0.013719
b	0	2522	0.013720
a	0	2522	0.013721
b	0	2522	0.013721
a	0	2522	0.013722
b	0	2522	0.013723
a	0	2522	0.013724
b	0	2522	0.013724
a	0	2522	0.013725
b	0	2522	0.013726
a	0	2522	0.013727
b	0	2522	0.013727
a	0	2522	0.013728
b	0	2522	0.013729
a	0	2522	0.013730
b	0	2522	0.013730
a	0	2522	0.013731
b	0	2523	0.013734
a	0	2523	0.013734
b	0	2523	0.013735
a	0	2523	0.013736
b	0	2523	0.013737
a	0	2527	0.013745
b	0	2527	0.013745
a	0	2527	0.013746
b	0	2527	0.013747
a	0	2528	0.013748
b	0	2529	0.013749
a	0	2530	0.013750
b	0	2530	0.013750
a	0	2530	0.013751
b	0	2530	0.013752
a	0	2530	0.013753
b	0	2530	0.013753
a	0	2530	0.013754
b	0	2530	0.013755
a	0	2530	0.013756
b	0	2530	0.013756
a	0	2530	0.013757
b	0	2530	0.013758
a	0	2530	0.013759
b	0	2530	0.013759
a	0	2530	0.013760
b	0	2530	0.013761
a	0	2530	0.013761
b	0	2530	0.013762
a	0	2530	0.013763
b	0	2530	0.013763
a	0	2530	0.013764
b	0	2530	0.013765
a	0	2531	0.013766
b	0	2531	0.013766
a	0	2533	0.013767
b	0	2534	0.013768
a	0	2534	0.013769
b	0	2535	0.013770
a	0	2535	0.013771
b	0	2535	0.013771
a	0	2535	0.013772
b	0	2535	0.013773
a	0	2539	0.013780
b	0	2539	0.013781
a	0	2541	0.013787
b	0	2542	0.013788
a	0	2542	0.013794
b	0	2542	0.013795
a	0	2546	0.013806
b	0	2546	0.013807
c	0	2556	0.013829
b	0	2557	0.013831
c	0	2558	0.013832
b	0	2558	0.013833
c	0	2560	0.013835
b	0	2560	0.013836
a	0	2561	0.013836
b	0	2561	0.013837
a	0	2561	0.013837
b	0	2561	0.013838
a	0	2561	0.013839
b	0	2562	0.013839
c	0	2563	0.013842
b	0	2563	0.013843
b	0	2563	0.013843
c	0	2572	0.013878
b	0	2572	0.013879
c	0	2573	0.013880
b	0	2574	0.013880
c	0	2575	0.013882
b	0	2575	0.013882
c	0	2578	0.013886
b	0	2579	0.013886
b	0	2580	0.013887
c	0	2600	0.013926
b	0	2600	0.013928
c	0	2601	0.013929
b	0	2601	0.013929
c	0	2602	0.013931
b	0	2602	0.013931
c	0	2603	0.013934
b	0	2603	0.013935
b	0	2603	0.013936
c	0	2615	0.013951
b	0	2615	0.013952
c	0	2616	0.013952
b	0	2616	0.013953
c	0	2617	0.013954
b	0	2617	0.013954
c	0	2618	0.013957
b	0	2618	0.013958
b	0	2618	0.013959
a	0	2619	0.013960
b	0	2619	0.013961
a	0	2619	0.013963
b	0	2620	0.013964
a	0	2622	0.013970
b	0	2622	0.013970
a	0	2622	0.013972
b	0	2622	0.013972
a	0	2622	0.013974
b	0	2622	0.013974
a	0	2623	0.013976
b	0	2623	0.013976
a	0	2623	0.013978
b	0	2623	0.013979
a	0	2625	0.013983
b	0	2625	0.013984
a	0	2626	0.013988
b	0	2626	0.013988
a	0	2627	0.013992
b	0	2627	0.013992
c	0	2636	0.014013
b	0	2638	0.014015
c	0	2640	0.014016
b	0	2640	0.014016
c	0	2642	0.014018
b	0	2642	0.014018
c	0	2645	0.014021
b	0	2645	0.014022
b	0	2646	0.014022
c	0	2658	0.014045
b	0	2658	0.014046
c	0	2659	0.014047
b	0	2659	0.014047
c	0	2660	0.014048
b	0	2660	0.014049
c	0	2661	0.014050
b	0	2661	0.014050
b	0	2661	0.014051
a	0	2661	0.014060
b	0	2661	0.014061
a	0	2664	0.014070
b	0	2665	0.014071
a	0	2669	0.014077
b	0	2670	0.014078
c	0	2680	0.014101
b	0	2680	0.014102
c	0	2681	0.014103
b	0	2681	0.014103
c	0	2682	0.014104
b	0	2682	0.014105
c	0	2683	0.014105
b	0	2683	0.014106
b	0	2683	0.014107
c	0	2703	0.014131
b	0	2703	0.014133
c	0	2704	0.014134
b	0	2704	0.014134
c	0	2705	0.014136
b	0	2705	0.014137
c	0	2706	0.014139
b	0	2706	0.014140
b	0	2706	0.014141
c	0	2716	0.014165
b	0	2717	0.014167
c	0	2718	0.014167
b	0	2718	0.014168
b	0	2718	0.014168
c	0	2719	0.014172
b	0	2720	0.014173
b	0	2720	0.014173
a	0	2726	0.014183
b	0	2726	0.014184
a	0	2727	0.014189
b	0	2727	0.014190
c	0	2740	0.014210
b	0	2740	0.014211
c	0	2741	0.014212
b	0	2741	0.014212
c	0	2742	0.014213
b	0	2742	0.014214
c	0	2743	0.014217
b	0	2743	0.014217
b	0	2743	0.014218
a	0	2743	0.014223
b	0	2743	0.014224
a	0	2743	0.014227
b	0	2743	0.014228
a	0	2744	0.014231
b	0	2744	0.014232
c	0	2753	0.014256
b	0	2753	0.014258
c	0	2754	0.014258
b	0	2754	0.014259
b	0	2754	0.014259
c	0	2755	0.014260
b	0	2755	0.014261
b	0	2755	0.014261
a	0	2756	0.014264
b	0	2756	0.014264
a	0	2757	0.014266
b	0	2758	0.014267
a	0	2759	0.014269
b	0	2760	0.014270
a	0	2763	0.014272
b	0	2764	0.014273
a	0	2771	0.014280
b	0	2771	0.014281
a	0	2771	0.014287
b	0	2771	0.014288
a	0	2775	0.014310
b	0	2775	0.014312
a	0	2776	0.014316
b	0	2776	0.014316
a	0	2778	0.014323
b	0	2778	0.014323
a	0	2779	0.014325
b	0	2779	0.014326
a	0	2779	0.014328
b	0	2779	0.014328
a	0	2779	0.014330
b	0	2779	0.014331
a	0	2779	0.014333
b	0	2779	0.014333
a	0	2779	0.014335
b	0	2779	0.014336
a	0	2781	0.014338
b	0	2782	0.014338
a	0	2784	0.014340
b	0	2784	0.014341
a	0	2789	0.014345
b	0	2790	0.014346
a	0	2790	0.014349
b	0	2790	0.014350
a	0	2790	0.014353
b	0	2790	0.014354
a	0	2790	0.014359
b	0	2790	0.014359
c	0	2797	0.014382
b	0	2799	0.014384
c	0	2800	0.014385
b	0	2801	0.014385
c	0	2802	0.014387
b	0	2802	0.014387
c	0	2804	0.014390
b	0	2805	0.014391
b	0	2806	0.014392
a	0	2807	0.014402
b	0	2807	0.014403
c	0	2820	0.014434
b	0	2820	0.014436
c	0	2821	0.014436
b	0	2821	0.014437
c	0	2822	0.014438
b	0	2822	0.014439
c	0	2824	0.014442
b	0	2824	0.014442
b	0	2825	0.014443
a	0	2826	0.014444
b	0	2826	0.014445
a	0	2826	0.014446
b	0	2826	0.014447
a	0	2829	0.014448
b	0	2829	0.014448
a	0	2829	0.014449
b	0	2830	0.014450
a	0	2833	0.014453
b	0	2833	0.014454
a	0	2834	0.014456
b	0	2834	0.014457
a	0	2835	0.014459
b	0	2835	0.014460
a	0	2836	0.014462
b	0	2836	0.014462
a	0	2837	0.014464
b	0	2839	0.014465
a	0	2839	0.014467
b	0	2839	0.014468
a	0	2839	0.014470
b	0	2839	0.014470
a	0	2839	0.014472
b	0	2839	0.014473
a	0	2840	0.014475
b	0	2841	0.014476
a	0	2842	0.014478
b	0	2842	0.014479
a	0	2843	0.014481
b	0	2843	0.014481
a	0	2847	0.014494
b	0	2847	0.014495
a	0	2847	0.014499
b	0	2847	0.014499
a	0	2847	0.014503
b	0	2847	0.014504
a	0	2847	0.014507
b	0	2847	0.014508
a	0	2853	0.014514
b	0	2854	0.014515
a	0	2855	0.014521
b	0	2855	0.014521
a	0	2858	0.014526
b	0	2859	0.014527
a	0	2864	0.014540
b	0	2864	0.014541
a	0	2867	0.014548
b	0	2867	0.014549
a	0	2868	0.014556
b	0	2868	0.014557
a	0	2874	0.014565
b	0	2874	0.014566
a	0	2875	0.014571
b	0	2875	0.014572
c	0	2879	0.014603
b	0	2879	0.014605
c	0	2880	0.014606
b	0	2880	0.014607
c	0	2881	0.014608
b	0	2881	0.014609
c	0	2882	0.014612
b	0	2882	0.014613
b	0	2882	0.014613
a	0	2882	0.014625
b	0	2883	0.014626
a	0	2890	0.014635
b	0	2891	0.014636
a	0	2894	0.014644
b	0	2894	0.014645
a	0	2898	0.014652
b	0	2898	0.014653
a	0	2900	0.014663
b	0	2900	0.014664
a	0	2901	0.014670
b	0	2901	0.014671
a	0	2902	0.014677
b	0	2902	0.014678
a	0	2905	0.014685
b	0	2905	0.014686
a	0	2908	0.014696
b	0	2908	0.014697
a	0	2919	0.014724
b	0	2921	0.014726
a	0	2922	0.014733
b	0	2922	0.014734
a	0	2926	0.014741
b	0	2926	0.014742
a	0	2926	0.014749
b	0	2927	0.014749
c	0	2943	0.014772
b	0	2943	0.014774
c	0	2944	0.014775
b	0	2945	0.014775
c	0	2946	0.014776
b	0	2946	0.014777
c	0	2947	0.014778
b	0	2947	0.014778
b	0	2947	0.014779
a	0	2952	0.014786
b	0	2954	0.014787
a	0	2959	0.014797
b	0	2959	0.014798
c	0	2972	0.014826
b	0	2973	0.014829
c	0	2974	0.014830
b	0	2974	0.014830
c	0	2976	0.014833
b	0	2977	0.014833
a	0	2977	0.014834
b	0	2977	0.014834
a	0	2977	0.014835
b	0	2978	0.014835
c	0	2979	0.014839
b	0	2980	0.014840
b	0	2980	0.014840
a	0	2981	0.014848
b	0	2982	0.014849
c	0	2996	0.014875
b	0	2996	0.014878
c	0	2997	0.014879
b	0	2998	0.014879
b	0	2998	0.014880
a	0	2999	0.014880
b	0	2999	0.014881
a	0	2999	0.014882
b	0	2999	0.014882
c	0	3001	0.014883
b	0	3001	0.014884
b	0	3001	0.014884
a	0	3001	0.014885
b	0	3001	0.014886
a	0	3001	0.014886
b	0	3001	0.014887
a	0	3001	0.014888
b	0	3001	0.014888
a	0	3001	0.014889
b	0	3001	0.014889
a	0	3001	0.014890
b	0	3001	0.014891
a	0	3001	0.014891
b	0	3002	0.014892
a	0	3002	0.014893
b	0	3002	0.014893
a	0	3002	0.014894
b	0	3002	0.014894
a	0	3004	0.014895
b	0	3005	0.014895
a	0	3005	0.014896
b	0	3005	0.014897
a	0	3005	0.014897
b	0	3005	0.014898
a	0	3005	0.014899
b	0	3005	0.014899
c	0	3010	0.014919
b	0	3010	0.014920
c	0	3012	0.014920
b	0	3012	0.014921
c	0	3013	0.014922
b	0	3013	0.014922
a	0	3015	0.014923
b	0	3016	0.014923
c	0	3018	0.014926
b	0	3019	0.014927
b	0	3019	0.014927
a	0	3020	0.014930
b	0	3020	0.014931
a	0	3021	0.014933
b	0	3021	0.014934
a	0	3023	0.014936
b	0	3023	0.014936
a	0	3023	0.014938
b	0	3023	0.014939
a	0	3023	0.014941
b	0	3023	0.014942
c	0	3033	0.014953
b	0	3034	0.014954
c	0	3035	0.014955
b	0	3035	0.014955
b	0	3035	0.014956
a	0	3035	0.014956
b	0	3036	0.014957
a	0	3036	0.014957
b	0	3036	0.014958
a	0	3036	0.014959
b	0	3036	0.014959
a	0	3036	0.014960
b	0	3037	0.014960
c	0	3038	0.014963
b	0	3038	0.014964
b	0	3038	0.014965
a	0	3038	0.014970
b	0	3038	0.014971
a	0	3038	0.014972
b	0	3038	0.014973
a	0	3038	0.014974
b	0	3038	0.014974
a	0	3039	0.014975
b	0	3039	0.014976
a	0	3039	0.014977
b	0	3039	0.014978
a	0	3041	0.014979
b	0	3041	0.014979
a	0	3042	0.014980
b	0	3042	0.014981
a	0	3045	0.014982
b	0	3046	0.014997
a	0	3046	0.014998
b	0	3046	0.014998
a	0	3047	0.015011
b	0	3047	0.015012
a	0	3052	0.015016
b	0	3053	0.015017
a	0	3054	0.015018
b	0	3055	0.015019
a	0	3055	0.015020
b	0	3055	0.015020
a	0	3055	0.015022
b	0	3056	0.015022
a	0	3057	0.015023
b	0	3057	0.015024
a	0	3057	0.015025
b	0	3057	0.015025
a	0	3059	0.015026
b	0	3059	0.015027
a	0	3059	0.015028
b	0	3059	0.015028
a	0	3060	0.015030
b	0	3061	0.015030
a	0	3062	0.015032
b	0	3062	0.015032
c	0	3078	0.015061
b	0	3080	0.015062
c	0	3082	0.015063
b	0	3082	0.015063
c	0	3083	0.015064
b	0	3083	0.015065
c	0	3084	0.015066
b	0	3084	0.015066
b	0	3084	0.015067
c	0	3088	0.015087
b	0	3090	0.015088
c	0	3091	0.015089
b	0	3091	0.015089
c	0	3092	0.015090
b	0	3093	0.015091
a	0	3093	0.015091
b	0	3094	0.015092
a	0	3094	0.015092
b	0	3094	0.015093
a	0	3094	0.015093
b	0	3094	0.015094
c	0	3096	0.015097
b	0	3096	0.015097
b	0	3096	0.015098
a	0	3102	0.015112
b	0	3102	0.015113
c	0	3118	0.015156
b	0	3118	0.015157
c	0	3119	0.015158
b	0	3119	0.015158
c	0	3120	0.015160
b	0	3120	0.015161
c	0	3121	0.015164
b	0	3121	0.015164
b	0	3121	0.015165
a	0	3122	0.015171
b	0	3122	0.015172
a	0	3124	0.015177
b	0	3125	0.015178
c	0	3128	0.015195
b	0	3130	0.015197
c	0	3132	0.015198
b	0	3133	0.015198
a	0	3133	0.015199
b	0	3133	0.015199
a	0	3133	0.015200
b	0	3133	0.015200
a	0	3133	0.015201
b	0	3134	0.015201
a	0	3134	0.015202
b	0	3134	0.015202
a	0	3134	0.015203
b	0	3134	0.015204
a	0	3134	0.015204
b	0	3135	0.015205
c	0	3136	0.015206
b	0	3136	0.015206
c	0	3137	0.015207
b	0	3138	0.015207
b	0	3138	0.015208
a	0	3138	0.015215
b	0	3138	0.015215
a	0	3141	0.015220
b	0	3141	0.015220
a	0	3149	0.015233
b	0	3149	0.015234
a	0	3149	0.015238
b	0	3149	0.015239
c	0	3158	0.015261
b	0	3159	0.015263
c	0	3161	0.015263
b	0	3161	0.015264
a	0	3163	0.015264
b	0	3164	0.015265
c	0	3166	0.015266
b	0	3167	0.015267
c	0	3168	0.015270
b	0	3168	0.015271
b	0	3168	0.015271
a	0	3171	0.015290
b	0	3171	0.015291
a	0	3175	0.015297
b	0	3177	0.015298
a	0	3179	0.015304
b	0	3179	0.015305
a	0	3179	0.015310
b	0	3179	0.015311
a	0	3180	0.015316
b	0	3181	0.015317
c	0	3188	0.015342
b	0	3188	0.015344
c	0	3189	0.015344
b	0	3189	0.015345
c	0	3190	0.015346
b	0	3190	0.015346
c	0	3191	0.015347
b	0	3191	0.015348
b	0	3191	0.015348
a	0	3192	0.015353
b	0	3193	0.015354
a	0	3194	0.015357
b	0	3194	0.015358
a	0	3194	0.015362
b	0	3194	0.015363
c	0	3196	0.015375
b	0	3196	0.015376
c	0	3197	0.015377
b	0	3197	0.015377
b	0	3198	0.015378
a	0	3200	0.015378
b	0	3200	0.015379
c	0	3201	0.015381
b	0	3201	0.015382
b	0	3201	0.015383
a	0	3201	0.015387
b	0	3201	0.015388
a	0	3201	0.015394
b	0	3201	0.015394
a	0	3201	0.015396
b	0	3201	0.015396
a	0	3201	0.015398
b	0	3202	0.015398
a	0	3202	0.015399
b	0	3202	0.015400
a	0	3209	0.015406
b	0	3210	0.015407
a	0	3210	0.015412
b	0	3210	0.015413
a	0	3210	0.015416
b	0	3210	0.015417
c	0	3223	0.015441
b	0	3224	0.015442
c	0	3225	0.015443
b	0	3226	0.015444
a	0	3226	0.015444
b	0	3226	0.015445
a	0	3226	0.015445
b	0	3227	0.015446
c	0	3228	0.015447
b	0	3228	0.015448
c	0	3230	0.015450
b	0	3230	0.015451
b	0	3230	0.015452
c	0	3239	0.015475
b	0	3239	0.015478
c	0	3241	0.015478
b	0	3242	0.015479
a	0	3242	0.015479
b	0	3242	0.015480
a	0	3242	0.015480
b	0	3242	0.015481
c	0	3244	0.015482
b	0	3244	0.015483
c	0	3246	0.015485
b	0	3246	0.015486
b	0	3246	0.015487
a	0	3254	0.015500
b	0	3255	0.015501
c	0	3270	0.015551
b	0	3273	0.015555
c	0	3274	0.015556
b	0	3274	0.015556
a	0	3274	0.015557
b	0	3275	0.015557
a	0	3275	0.015558
b	0	3275	0.015558
a	0	3275	0.015559
b	0	3276	0.015559
a	0	3277	0.015560
b	0	3277	0.015561
a	0	3277	0.015561
b	0	3277	0.015562
a	0	3277	0.015562
b	0	3278	0.015563
c	0	3280	0.015565
b	0	3280	0.015565
a	0	3280	0.015566
b	0	3280	0.015566
a	0	3280	0.015567
b	0	3280	0.015567
c	0	3283	0.015571
b	0	3283	0.015571
b	0	3283	0.015572
c	0	3292	0.015599
b	0	3293	0.015601
c	0	3294	0.015601
b	0	3295	0.015602
c	0	3296	0.015603
b	0	3296	0.015604
c	0	3297	0.015607
b	0	3297	0.015608
b	0	3297	0.015608
a	0	3298	0.015610
b	0	3298	0.015610
a	0	3299	0.015611
b	0	3299	0.015612
a	0	3299	0.015613
b	0	3299	0.015613
a	0	3300	0.015614
b	0	3300	0.015615
a	0	3300	0.015616
b	0	3301	0.015617
a	0	3301	0.015618
b	0	3304	0.015620
a	0	3304	0.015621
b	0	3305	0.015622
a	0	3305	0.015623
b	0	3305	0.015624
c	0	3313	0.015638
b	0	3313	0.015639
c	0	3314	0.015639
b	0	3314	0.015640
c	0	3315	0.015641
b	0	3315	0.015641
c	0	3317	0.015642
b	0	3317	0.015643
b	0	3317	0.015643
c	0	3329	0.015662
b	0	3329	0.015663
c	0	3330	0.015664
b	0	3330	0.015664
b	0	3330	0.015665
c	0	3331	0.015666
b	0	3331	0.015666
b	0	3331	0.015667
c	0	3346	0.015701
b	0	3348	0.015704
c	0	3350	0.015704
b	0	3350	0.015705
c	0	3351	0.015706
b	0	3351	0.015706
c	0	3352	0.015707
b	0	3352	0.015708
b	0	3352	0.015708
a	0	3358	0.015726
b	0	3359	0.015728
a	0	3360	0.015732
b	0	3360	0.015733
c	0	3368	0.015753
b	0	3369	0.015754
c	0	3370	0.015755
b	0	3370	0.015755
c	0	3371	0.015756
b	0	3371	0.015757
c	0	3373	0.015757
b	0	3373	0.015758
b	0	3373	0.015759
a	0	3377	0.015767
b	0	3377	0.015768
a	0	3384	0.015777
b	0	3385	0.015777
a	0	3386	0.015783
b	0	3386	0.015783
a	0	3386	0.015789
b	0	3386	0.015790
a	0	3387	0.015795
b	0	3387	0.015796
a	0	3392	0.015801
b	0	3393	0.015801
a	0	3394	0.015805
b	0	3394	0.015806
a	0	3394	0.015810
b	0	3394	0.015811
a	0	3397	0.015816
b	0	3397	0.015817
c	0	3414	0.015844
b	0	3415	0.015846
c	0	3416	0.015847
b	0	3416	0.015848
c	0	3417	0.015848
b	0	3417	0.015849
a	0	3418	0.015849
b	0	3420	0.015850
c	0	3421	0.015851
b	0	3421	0.015852
b	0	3421	0.015852
a	0	3422	0.015858
b	0	3422	0.015859
a	0	3425	0.015863
b	0	3425	0.015864
c	0	3435	0.015889
b	0	3436	0.015890
c	0	3438	0.015891
b	0	3439	0.015892
c	0	3441	0.015893
b	0	3441	0.015893
c	0	3442	0.015894
b	0	3442	0.015894
b	0	3443	0.015895
a	0	3445	0.015902
b	0	3445	0.015903
a	0	3445	0.015906
b	0	3445	0.015907
a	0	3445	0.015911
b	0	3445	0.015912
a	0	3445	0.015915
b	0	3445	0.015916
a	0	3447	0.015922
b	0	3447	0.015923
a	0	3448	0.015930
b	0	3448	0.015931
a	0	3449	0.015936
b	0	3449	0.015937
a	0	3453	0.015940
b	0	3454	0.015941
a	0	3456	0.015944
b	0	3456	0.015945
a	0	3456	0.015948
b	0	3456	0.015949
a	0	3457	0.015952
b	0	3457	0.015953
c	0	3462	0.015967
b	0	3462	0.015969
c	0	3463	0.015969
b	0	3463	0.015970
b	0	3463	0.015970
c	0	3464	0.015973
b	0	3464	0.015974
b	0	3464	0.015975
a	0	3465	0.015982
b	0	3465	0.015984
a	0	3468	0.015988
b	0	3468	0.015988
a	0	3470	0.015992
b	0	3472	0.015992
a	0	3472	0.015996
b	0	3472	0.015996
a	0	3472	0.016000
b	0	3472	0.016000
a	0	3473	0.016003
b	0	3473	0.016004
c	0	3477	0.016017
b	0	3477	0.016018
c	0	3478	0.016019
b	0	3478	0.016020
c	0	3480	0.016021
b	0	3480	0.016021
c	0	3482	0.016023
b	0	3483	0.016024
b	0	3483	0.016024
c	0	3490	0.016046
b	0	3490	0.016047
c	0	3491	0.016048
b	0	3491	0.016049
c	0	3493	0.016050
b	0	3493	0.016050
c	0	3495	0.016053
b	0	3495	0.016054
b	0	3495	0.016054
c	0	3501	0.016070
b	0	3501	0.016072
c	0	3504	0.016073
b	0	3504	0.016073
a	0	3504	0.016074
b	0	3505	0.016075
c	0	3507	0.016076
b	0	3508	0.016076
c	0	3510	0.016079
b	0	3510	0.016080
b	0	3510	0.016080
a	0	3510	0.016084
b	0	3510	0.016084
a	0	3511	0.016086
b	0	3514	0.016087
c	0	3519	0.016103
b	0	3519	0.016105
c	0	3520	0.016105
b	0	3520	0.016106
c	0	3521	0.016107
b	0	3521	0.016107
c	0	3522	0.016108
b	0	3522	0.016108
b	0	3522	0.016109
c	0	3534	0.016132
b	0	3534	0.016133
c	0	3535	0.016134
b	0	3535	0.016134
c	0	3536	0.016135
b	0	3536	0.016136
c	0	3537	0.016136
b	0	3538	0.016137
b	0	3538	0.016137
a	0	3542	0.016145
b	0	3542	0.016146
c	0	3550	0.016163
b	0	3550	0.016164
c	0	3551	0.016164
b	0	3551	0.016165
b	0	3551	0.016165
c	0	3552	0.016166
b	0	3552	0.016167
b	0	3553	0.016167
c	0	3563	0.016190
b	0	3563	0.016191
c	0	3565	0.016192
b	0	3565	0.016192
b	0	3565	0.016193
c	0	3566	0.016196
b	0	3567	0.016196
b	0	3567	0.016197
a	0	3570	0.016206
b	0	3570	0.016207
a	0	3571	0.016213
b	0	3571	0.016214
a	0	3575	0.016221
b	0	3575	0.016221
a	0	3579	0.016227
b	0	3579	0.016228
c	0	3592	0.016253
b	0	3595	0.016255
c	0	3596	0.016256
b	0	3596	0.016256
c	0	3597	0.016257
b	0	3598	0.016258
c	0	3600	0.016261
b	0	3602	0.016262
b	0	3602	0.016262
a	0	3603	0.016264
b	0	3603	0.016264
a	0	3603	0.016266
b	0	3603	0.016266
a	0	3604	0.016267
b	0	3604	0.016268
a	0	3606	0.016269
b	0	3606	0.016270
a	0	3611	0.016274
b	0	3612	0.016275
c	0	3621	0.016290
b	0	3622	0.016292
c	0	3623	0.016292
b	0	3629	0.016303
b	0	3629	0.016304
c	0	3630	0.016304
b	0	3630	0.016305
b	0	3630	0.016306
a	0	3632	0.016311
b	0	3633	0.016311
a	0	3634	0.016315
b	0	3634	0.016316
a	0	3639	0.016322
b	0	3641	0.016323
a	0	3641	0.016325
b	0	3641	0.016325
a	0	3641	0.016328
b	0	3641	0.016329
a	0	3641	0.016331
b	0	3641	0.016332
a	0	3641	0.016334
b	0	3641	0.016335
a	0	3645	0.016347
b	0	3648	0.016348
a	0	3649	0.016350
b	0	3649	0.016350
a	0	3656	0.016362
b	0	3656	0.016363
a	0	3656	0.016365
b	0	3657	0.016365
a	0	3657	0.016366
b	0	3657	0.016367
a	0	3659	0.016369
b	0	3661	0.016369
a	0	3661	0.016371
b	0	3661	0.016371
a	0	3662	0.016372
b	0	3662	0.016373
c	0	3669	0.016384
b	0	3669	0.016385
c	0	3671	0.016386
b	0	3671	0.016386
b	0	3671	0.016387
c	0	3674	0.016389
b	0	3674	0.016390
b	0	3674	0.016391
a	0	3675	0.016395
b	0	3675	0.016396
a	0	3676	0.016400
b	0	3676	0.016401
a	0	3679	0.016404
b	0	3680	0.016405
a	0	3682	0.016408
b	0	3682	0.016409
c	0	3693	0.016427
b	0	3693	0.016428
c	0	3694	0.016429
b	0	3694	0.016429
c	0	3695	0.016430
b	0	3695	0.016431
c	0	3696	0.016432
b	0	3697	0.016432
b	0	3697	0.016433
c	0	3708	0.016444
b	0	3710	0.016445
c	0	3712	0.016446
b	0	3713	0.016446
b	0	3713	0.016447
c	0	3715	0.016450
b	0	3715	0.016451
b	0	3716	0.016452
a	0	3717	0.016452
b	0	3717	0.016453
a	0	3718	0.016454
b	0	3718	0.016454
a	0	3719	0.016455
b	0	3719	0.016456
a	0	3719	0.016457
b	0	3719	0.016457
a	0	3720	0.016458
b	0	3720	0.016458
a	0	3720	0.016459
b	0	3720	0.016460
a	0	3720	0.016460
b	0	3720	0.016461
a	0	3720	0.016462
b	0	3720	0.016462
a	0	3720	0.016463
b	0	3720	0.016463
a	0	3720	0.016464
b	0	3720	0.016465
a	0	3721	0.016465
b	0	3721	0.016466
a	0	3724	0.016468
b	0	3725	0.016469
a	0	3727	0.016471
b	0	3727	0.016472
a	0	3728	0.016474
b	0	3728	0.016474
a	0	3729	0.016476
b	0	3730	0.016477
c	0	3744	0.016500
b	0	3745	0.016501
c	0	3746	0.016502
b	0	3746	0.016502
c	0	3748	0.016503
b	0	3749	0.016504
c	0	3751	0.016505
b	0	3751	0.016505
b	0	3751	0.016506
a	0	3751	0.016508
b	0	3751	0.016509
a	0	3754	0.016513
b	0	3755	0.016514
a	0	3759	0.016517
b	0	3759	0.016517
a	0	3762	0.016521
b	0	3762	0.016522
a	0	3762	0.016524
b	0	3762	0.016524
a	0	3763	0.016527
b	0	3763	0.016528
a	0	3766	0.016531
b	0	3767	0.016532
a	0	3771	0.016537
b	0	3771	0.016538
a	0	3773	0.016541
b	0	3773	0.016541
a	0	3774	0.016545
b	0	3774	0.016545
a	0	3774	0.016551
b	0	3774	0.016551
a	0	3775	0.016554
b	0	3775	0.016554
a	0	3786	0.016572
b	0	3786	0.016574
a	0	3790	0.016578
b	0	3790	0.016579
a	0	3793	0.016582
b	0	3793	0.016582
a	0	3794	0.016586
b	0	3795	0.016587
a	0	3797	0.016590
b	0	3798	0.016590
a	0	3798	0.016592
b	0	3798	0.016593
a	0	3799	0.016594
b	0	3799	0.016595
a	0	3803	0.016597
b	0	3803	0.016598
a	0	3804	0.016599
b	0	3804	0.016600
c	0	3814	0.016620
b	0	3814	0.016621
c	0	3815	0.016622
b	0	3817	0.016622
b	0	3818	0.016623
c	0	3819	0.016624
b	0	3820	0.016624
b	0	3820	0.016625
a	0	3831	0.016640
b	0	3831	0.016642
a	0	3831	0.016645
b	0	3831	0.016645
a	0	3835	0.016659
b	0	3835	0.016661
c	0	3846	0.016679
b	0	3846	0.016680
c	0	3847	0.016681
b	0	3849	0.016682
c	0	3850	0.016682
b	0	3850	0.016683
c	0	3851	0.016684
b	0	3851	0.016684
b	0	3851	0.016685
c	0	3856	0.016698
b	0	3856	0.016699
c	0	3857	0.016700
b	0	3857	0.016700
b	0	3857	0.016701
c	0	3858	0.016702
b	0	3859	0.016702
b	0	3859	0.016703
c	0	3868	0.016723
b	0	3868	0.016724
c	0	3869	0.016725
b	0	3869	0.016725
c	0	3870	0.016726
b	0	3870	0.016727
c	0	3871	0.016727
b	0	3871	0.016728
b	0	3871	0.016728
a	0	3871	0.016730
b	0	3871	0.016731
a	0	3871	0.016732
b	0	3872	0.016733
a	0	3872	0.016734
b	0	3872	0.016735
a	0	3873	0.016738
b	0	3875	0.016739
a	0	3876	0.016740
b	0	3876	0.016741
a	0	3877	0.016742
b	0	3879	0.016742
a	0	3880	0.016743
b	0	3880	0.016743
a	0	3880	0.016744
b	0	3880	0.016744
c	0	3896	0.016763
b	0	3899	0.016765
a	0	3899	0.016766
b	0	3899	0.016766
a	0	3900	0.016767
b	0	3902	0.016767
a	0	3902	0.016768
b	0	3902	0.016768
a	0	3902	0.016769
b	0	3902	0.016769
a	0	3902	0.016770
b	0	3902	0.016770
a	0	3902	0.016771
b	0	3902	0.016771
a	0	3902	0.016772
b	0	3902	0.016772
a	0	3902	0.016773
b	0	3902	0.016773
a	0	3902	0.016774
b	0	3902	0.016774
a	0	3902	0.016775
b	0	3902	0.016775
a	0	3902	0.016776
b	0	3909	0.016791
c	0	3910	0.016792
b	0	3910	0.016792
b	0	3910	0.016793
c	0	3911	0.016795
b	0	3911	0.016796
b	0	3911	0.016797
a	0	3912	0.016798
b	0	3912	0.016799
a	0	3913	0.016799
b	0	3914	0.016800
a	0	3918	0.016804
b	0	3918	0.016805
a	0	3919	0.016813
b	0	3919	0.016814
a	0	3920	0.016818
b	0	3922	0.016819
a	0	3927	0.016826
b	0	3927	0.016827
a	0	3928	0.016830
b	0	3929	0.016831
a	0	3937	0.016837
b	0	3939	0.016838
a	0	3940	0.016841
b	0	3940	0.016842
a	0	3940	0.016845
b	0	3941	0.016846
c	0	3945	0.016859
b	0	3947	0.016860
c	0	3948	0.016861
b	0	3948	0.016861
b	0	3948	0.016862
c	0	3949	0.016865
b	0	3949	0.016866
a	0	3949	0.016866
b	0	3950	0.016867
a	0	3950	0.016867
b	0	3950	0.016868
a	0	3950	0.016868
b	0	3950	0.016869
a	0	3951	0.016870
b	0	3952	0.016870
a	0	3953	0.016871
b	0	3953	0.016871
a	0	3953	0.016872
b	0	3953	0.016872
a	0	3953	0.016873
b	0	3953	0.016873
a	0	3953	0.016874
b	0	3953	0.016874
a	0	3953	0.016875
b	0	3953	0.016875
a	0	3953	0.016876
b	0	3953	0.016876
a	0	3953	0.016877
b	0	3953	0.016877
a	0	3953	0.016878
b	0	3954	0.016878
a	0	3954	0.016879
b	0	3954	0.016879
a	0	3954	0.016880
b	0	3955	0.016880
a	0	3956	0.016881
b	0	3957	0.016881
a	0	3957	0.016882
b	0	3957	0.016882
a	0	3957	0.016883
b	0	3957	0.016883
a	0	3957	0.016884
b	0	3957	0.016884
a	0	3957	0.016885
b	0	3957	0.016885
a	0	3957	0.016886
b	0	3957	0.016886
a	0	3957	0.016887
b	0	3957	0.016887
a	0	3957	0.016888
b	0	3957	0.016888
a	0	3958	0.016889
b	0	3959	0.016889
b	0	3959	0.016890
c	0	3966	0.016911
b	0	3966	0.016912
a	0	3966	0.016913
b	0	3966	0.016913
a	0	3966	0.016914
b	0	3966	0.016914
a	0	3966	0.016915
b	0	3966	0.016915
a	0	3966	0.016916
b	0	3966	0.016916
a	0	3966	0.016917
b	0	3966	0.016917
a	0	3966	0.016918
b	0	3966	0.016918
a	0	3966	0.016919
b	0	3966	0.016919
a	0	3966	0.016920
b	0	3966	0.016920
a	0	3966	0.016921
b	0	3966	0.016921
a	0	3966	0.016922
b	0	3966	0.016922
a	0	3966	0.016923
b	0	3966	0.016923
a	0	3966	0.016924
b	0	3967	0.016924
a	0	3968	0.016925
b	0	3968	0.016925
a	0	3968	0.016926
b	0	3969	0.016926
a	0	3969	0.016927
b	0	3969	0.016927
a	0	3969	0.016928
b	0	3969	0.016928
a	0	3969	0.016929
b	0	3970	0.016929
a	0	3970	0.016930
b	0	3970	0.016930
a	0	3970	0.016931
b	0	3970	0.016931
a	0	3970	0.016932
b	0	3971	0.016932
a	0	3973	0.016933
b	0	3973	0.016933
a	0	3973	0.016934
b	0	3973	0.016934
a	0	3973	0.016935
b	0	3973	0.016935
a	0	3973	0.016936
b	0	3973	0.016936
a	0	3973	0.016937
b	0	3973	0.016937
a	0	3974	0.016938
b	0	3974	0.016938
a	0	3974	0.016939
b	0	3974	0.016939
c	0	3975	0.016940
b	0	3975	0.016941
b	0	3975	0.016941
c	0	3977	0.016944
b	0	3978	0.016945
b	0	3979	0.016945
c	0	3991	0.016967
b	0	3991	0.016967
c	0	3992	0.016968
b	0	3992	0.016969
c	0	3993	0.016970
b	0	3993	0.016970
c	0	3994	0.016971
b	0	3994	0.016971
b	0	3994	0.016972
a	0	3994	0.016974
b	0	3994	0.016975
c	0	4006	0.016991
b	0	4006	0.016993
c	0	4007	0.016993
b	0	4007	0.016994
b	0	4007	0.016994
c	0	4009	0.016997
b	0	4010	0.016998
b	0	4010	0.016999
c	0	4024	0.017013
b	0	4025	0.017014
c	0	4026	0.017015
b	0	4026	0.017016
c	0	4029	0.017016
b	0	4030	0.017017
c	0	4031	0.017020
b	0	4031	0.017020
b	0	4031	0.017021
c	0	4036	0.017039
b	0	4037	0.017040
c	0	4038	0.017041
b	0	4038	0.017041
c	0	4040	0.017042
b	0	4040	0.017042
a	0	4040	0.017043
b	0	4040	0.017044
a	0	4040	0.017044
b	0	4041	0.017045
c	0	4042	0.017046
b	0	4042	0.017046
b	0	4042	0.017047
a	0	4042	0.017052
b	0	4042	0.017053
a	0	4052	0.017071
b	0	4052	0.017072
a	0	4055	0.017077
b	0	4055	0.017078
a	0	4056	0.017082
b	0	4057	0.017083
c	0	4067	0.017101
b	0	4067	0.017103
c	0	4068	0.017103
b	0	4068	0.017104
c	0	4069	0.017104
b	0	4069	0.017105
c	0	4070	0.017106
b	0	4071	0.017106
b	0	4071	0.017107
c	0	4080	0.017120
b	0	4081	0.017121
c	0	4082	0.017121
b	0	4082	0.017122
b	0	4083	0.017123
a	0	4087	0.017124
b	0	4088	0.017124
a	0	4090	0.017125
b	0	4091	0.017126
c	0	4094	0.017129
b	0	4095	0.017130
b	0	4095	0.017130
c	0	4103	0.017148
b	0	4105	0.017150
c	0	4106	0.017151
b	0	4107	0.017151
c	0	4108	0.017152
b	0	4108	0.017153
c	0	4110	0.017156
b	0	4111	0.017156
b	0	4112	0.017157
a	0	4112	0.017161
b	0	4113	0.017162
c	0	4122	0.017175
b	0	4122	0.017176
c	0	4124	0.017177
b	0	4125	0.017179
b	0	4126	0.017180
c	0	4128	0.017181
b	0	4128	0.017181
b	0	4129	0.017182
a	0	4130	0.017189
b	0	4130	0.017190
a	0	4143	0.017206
b	0	4143	0.017208
a	0	4144	0.017210
b	0	4144	0.017210
a	0	4147	0.017213
b	0	4147	0.017213
a	0	4149	0.017215
b	0	4149	0.017216
c	0	4162	0.017231
b	0	4162	0.017233
c	0	4164	0.017234
b	0	4164	0.017234
b	0	4165	0.017235
a	0	4166	0.017236
b	0	4166	0.017236
a	0	4166	0.017237
b	0	4167	0.017237
a	0	4168	0.017238
b	0	4169	0.017239
a	0	4169	0.017239
b	0	4169	0.017240
a	0	4169	0.017240
b	0	4169	0.017241
c	0	4171	0.017242
b	0	4171	0.017242
b	0	4171	0.017243
c	0	4185	0.017264
b	0	4186	0.017265
c	0	4187	0.017266
b	0	4187	0.017267
a	0	4188	0.017267
b	0	4188	0.017268
c	0	4189	0.017269
b	0	4189	0.017269
c	0	4191	0.017270
b	0	4191	0.017270
b	0	4192	0.017271
c	0	4205	0.017286
b	0	4205	0.017286
c	0	4206	0.017287
b	0	4206	0.017287
b	0	4206	0.017288
a	0	4208	0.017289
b	0	4209	0.017289
c	0	4210	0.017292
b	0	4210	0.017293
b	0	4210	0.017294
a	0	4210	0.017300
b	0	4210	0.017301
a	0	4216	0.017306
b	0	4216	0.017307
c	0	4234	0.017328
b	0	4237	0.017330
c	0	4238	0.017330
b	0	4238	0.017331
c	0	4239	0.017332
b	0	4239	0.017332
c	0	4241	0.017333
b	0	4241	0.017334
b	0	4241	0.017334
a	0	4243	0.017337
b	0	4244	0.017338
a	0	4245	0.017340
b	0	4245	0.017341
c	0	4256	0.017354
b	0	4256	0.017356
c	0	4258	0.017357
b	0	4258	0.017357
c	0	4259	0.017358
b	0	4261	0.017359
a	0	4261	0.017359
b	0	4261	0.017360
a	0	4261	0.017360
b	0	4262	0.017361
a	0	4263	0.017361
b	0	4263	0.017362
a	0	4263	0.017362
b	0	4264	0.017363
c	0	4265	0.017365
b	0	4266	0.017366
b	0	4266	0.017367
c	0	4287	0.017394
b	0	4288	0.017396
c	0	4289	0.017396
b	0	4289	0.017397
c	0	4290	0.017398
b	0	4290	0.017398
c	0	4293	0.017401
b	0	4294	0.017402
b	0	4294	0.017402
c	0	4304	0.017418
b	0	4306	0.017419
c	0	4307	0.017419
b	0	4307	0.017420
a	0	4308	0.017420
b	0	4309	0.017421
c	0	4311	0.017422
b	0	4312	0.017423
c	0	4314	0.017426
b	0	4314	0.017427
b	0	4314	0.017427
c	0	4325	0.017444
b	0	4325	0.017445
c	0	4327	0.017446
b	0	4328	0.017446
b	0	4330	0.017447
c	0	4331	0.017448
b	0	4331	0.017448
b	0	4331	0.017449
